# id: 002-submodule-rapidyaml
# description: Initialize external/rapidyaml recursively (documented by external/CMakeLists.txt)
# cwd: $VALIDATION_STORAGE/lanes/tsngen15-sanitizer-targets
# argv: git submodule update --init --recursive external/rapidyaml 
# start: 2026-09-22T07:12:58Z
Submodule 'external/rapidyaml' (https://github.com/biojppm/rapidyaml.git) registered for path 'external/rapidyaml'
Cloning into '$VALIDATION_STORAGE/lanes/tsngen15-sanitizer-targets/external/rapidyaml'...
Submodule path 'external/rapidyaml': checked out 'e65999dc4d65368e1b3eb770e28d775885b0f525'
Submodule 'extern/c4core' (https://github.com/biojppm/c4core) registered for path 'external/rapidyaml/ext/c4core'
Cloning into '$VALIDATION_STORAGE/lanes/tsngen15-sanitizer-targets/external/rapidyaml/ext/c4core'...
Submodule path 'external/rapidyaml/ext/c4core': checked out '6c876ec05a4387c25068cdbd58724828dad1d217'
Submodule 'cmake' (https://github.com/biojppm/cmake) registered for path 'external/rapidyaml/ext/c4core/cmake'
Submodule 'extern/debugbreak' (https://github.com/biojppm/debugbreak) registered for path 'external/rapidyaml/ext/c4core/src/c4/ext/debugbreak'
Submodule 'src/c4/ext/fast_float' (https://github.com/fastfloat/fast_float) registered for path 'external/rapidyaml/ext/c4core/src/c4/ext/fast_float'
Cloning into '$VALIDATION_STORAGE/lanes/tsngen15-sanitizer-targets/external/rapidyaml/ext/c4core/cmake'...
Cloning into '$VALIDATION_STORAGE/lanes/tsngen15-sanitizer-targets/external/rapidyaml/ext/c4core/src/c4/ext/debugbreak'...
Cloning into '$VALIDATION_STORAGE/lanes/tsngen15-sanitizer-targets/external/rapidyaml/ext/c4core/src/c4/ext/fast_float'...
Submodule path 'external/rapidyaml/ext/c4core/cmake': checked out 'b8e95acb1bdd564e47ac57d903a483604d90cbfa'
Submodule path 'external/rapidyaml/ext/c4core/src/c4/ext/debugbreak': checked out '328e4abca3384cbd0a69e70f263cc7b2794bff09'
Submodule path 'external/rapidyaml/ext/c4core/src/c4/ext/fast_float': checked out 'd28a3320c2de0963b6e469b8ca3bbc36496de684'
# end: 2026-09-22T07:13:04Z exit: 0
