# id: 040-cand-debug-build
# description: Documented build, capped: cmake --build <build> -j8
# cwd: $VALIDATION_STORAGE/lanes/tsngen15-sanitizer-targets
# argv: cmake --build $VALIDATION_STORAGE/tmp/a162-tsngen15/build/cand-debug -j8 
# start: 2026-09-22T07:24:45Z
[  0%] Building CXX object tests/sanitizer/CMakeFiles/sanitizer_probe_ubsan.dir/sanitizer_probe_lib.cpp.o
[  0%] Building CXX object tests/sanitizer/CMakeFiles/sanitizer_probe_asan.dir/sanitizer_probe_lib.cpp.o
[  1%] Building CXX object external/googletest/googletest/CMakeFiles/gtest.dir/src/gtest-all.cc.o
[  2%] Building CXX object external/rapidyaml/subprojects/c4core/build/CMakeFiles/c4core.dir/src/c4/error.cpp.o
[  2%] Building CXX object external/rapidyaml/subprojects/c4core/build/CMakeFiles/c4core.dir/src/c4/base64.cpp.o
[  2%] Building CXX object external/rapidyaml/CMakeFiles/ryml.dir/src/c4/yml/common.cpp.o
[  4%] Building CXX object tests/sanitizer/CMakeFiles/sanitizer_probe.dir/sanitizer_probe_lib.cpp.o
[  4%] Building CXX object external/rapidyaml/subprojects/c4core/build/CMakeFiles/c4core.dir/src/c4/char_traits.cpp.o
[  4%] Linking CXX shared library libsanitizer_probe.so
[  5%] Linking CXX shared library libsanitizer_probe_asan.so
[  6%] Linking CXX shared library libsanitizer_probe_ubsan.so
[  6%] Building CXX object external/rapidyaml/subprojects/c4core/build/CMakeFiles/c4core.dir/src/c4/format.cpp.o
[  6%] Built target sanitizer_probe_asan
[  6%] Built target sanitizer_probe
[  6%] Built target sanitizer_probe_ubsan
[  7%] Building CXX object external/rapidyaml/subprojects/c4core/build/CMakeFiles/c4core.dir/src/c4/language.cpp.o
[  8%] Building CXX object tests/sanitizer/CMakeFiles/sanitizer_probe-test.dir/sanitizer_probe_test.cpp.o
[  9%] Building CXX object tests/sanitizer/CMakeFiles/sanitizer_probe-test_ASAN.dir/sanitizer_probe_test.cpp.o
[  9%] Building CXX object external/rapidyaml/subprojects/c4core/build/CMakeFiles/c4core.dir/src/c4/memory_resource.cpp.o
[ 10%] Building CXX object external/rapidyaml/subprojects/c4core/build/CMakeFiles/c4core.dir/src/c4/memory_util.cpp.o
[ 10%] Building CXX object external/rapidyaml/subprojects/c4core/build/CMakeFiles/c4core.dir/src/c4/utf.cpp.o
[ 10%] Linking CXX executable sanitizer_probe-test
[ 11%] Building CXX object external/rapidyaml/subprojects/c4core/build/CMakeFiles/c4core.dir/src/c4/version.cpp.o
[ 12%] Linking CXX executable sanitizer_probe-test_ASAN
[ 12%] Building CXX object tests/sanitizer/CMakeFiles/sanitizer_probe-test_UBSAN.dir/sanitizer_probe_test.cpp.o
[ 12%] Built target sanitizer_probe-test
[ 13%] Building CXX object external/rapidyaml/CMakeFiles/ryml.dir/src/c4/yml/node.cpp.o
[ 13%] Built target sanitizer_probe-test_ASAN
[ 13%] Building CXX object external/rapidyaml/CMakeFiles/ryml.dir/src/c4/yml/node_type.cpp.o
[ 14%] Building CXX object external/rapidyaml/CMakeFiles/ryml.dir/src/c4/yml/parse.cpp.o
[ 14%] Building CXX object external/rapidyaml/CMakeFiles/ryml.dir/src/c4/yml/preprocess.cpp.o
[ 15%] Linking CXX executable sanitizer_probe-test_UBSAN
[ 16%] Building CXX object external/rapidyaml/CMakeFiles/ryml.dir/src/c4/yml/reference_resolver.cpp.o
[ 16%] Built target sanitizer_probe-test_UBSAN
[ 16%] Building CXX object external/rapidyaml/CMakeFiles/ryml.dir/src/c4/yml/tag.cpp.o
[ 16%] Linking CXX static library libc4core.a
[ 16%] Built target c4core
[ 17%] Building CXX object external/rapidyaml/CMakeFiles/ryml.dir/src/c4/yml/tree.cpp.o
[ 18%] Building CXX object external/rapidyaml/CMakeFiles/ryml.dir/src/c4/yml/version.cpp.o
[ 18%] Building CXX object external/rapidyaml/CMakeFiles/ryml.dir/ext/c4core/src/c4/base64.cpp.o
[ 19%] Building CXX object external/rapidyaml/CMakeFiles/ryml.dir/ext/c4core/src/c4/char_traits.cpp.o
[ 19%] Building CXX object external/rapidyaml/CMakeFiles/ryml.dir/ext/c4core/src/c4/error.cpp.o
[ 20%] Building CXX object external/rapidyaml/CMakeFiles/ryml.dir/ext/c4core/src/c4/format.cpp.o
[ 20%] Building CXX object external/rapidyaml/CMakeFiles/ryml.dir/ext/c4core/src/c4/language.cpp.o
[ 21%] Building CXX object external/rapidyaml/CMakeFiles/ryml.dir/ext/c4core/src/c4/memory_resource.cpp.o
[ 22%] Building CXX object external/rapidyaml/CMakeFiles/ryml.dir/ext/c4core/src/c4/memory_util.cpp.o
[ 22%] Building CXX object external/rapidyaml/CMakeFiles/ryml.dir/ext/c4core/src/c4/utf.cpp.o
[ 23%] Building CXX object external/rapidyaml/CMakeFiles/ryml.dir/ext/c4core/src/c4/version.cpp.o
[ 23%] Linking CXX static library libryml.a
[ 23%] Built target ryml
[ 23%] Building CXX object parser/CMakeFiles/protocol_parser_asan.dir/src/log.cpp.o
[ 23%] Building CXX object parser/CMakeFiles/protocol_parser.dir/src/log.cpp.o
[ 23%] Building CXX object parser/CMakeFiles/protocol_parser_asan.dir/src/protocol_parser.cpp.o
[ 24%] Building CXX object parser/CMakeFiles/protocol_parser.dir/src/validator.cpp.o
[ 25%] Building CXX object parser/CMakeFiles/protocol_parser_asan.dir/src/validator.cpp.o
[ 25%] Building CXX object parser/CMakeFiles/protocol_parser.dir/src/protocol_parser.cpp.o
[ 25%] Building CXX object parser/CMakeFiles/protocol_parser_ubsan.dir/src/log.cpp.o
[ 26%] Building CXX object parser/CMakeFiles/protocol_parser.dir/src/protocol.cpp.o
[ 27%] Building CXX object parser/CMakeFiles/protocol_parser_asan.dir/src/protocol.cpp.o
[ 28%] Building CXX object parser/CMakeFiles/protocol_parser_ubsan.dir/src/validator.cpp.o
[ 28%] Linking CXX static library ../../../lib/libgtest.a
[ 28%] Built target gtest
[ 28%] Building CXX object parser/CMakeFiles/protocol_parser_ubsan.dir/src/protocol_parser.cpp.o
[ 29%] Building CXX object parser/CMakeFiles/protocol_parser.dir/src/db_proto_if_impl.cpp.o
[ 30%] Building CXX object parser/CMakeFiles/protocol_parser_asan.dir/src/db_proto_if_impl.cpp.o
[ 30%] Building CXX object parser/CMakeFiles/protocol_parser.dir/src/db_proto_impl.cpp.o
[ 31%] Building CXX object parser/CMakeFiles/protocol_parser.dir/src/db_proto_service_impl.cpp.o
[ 31%] Building CXX object parser/CMakeFiles/protocol_parser.dir/src/db_var_impl.cpp.o
[ 31%] Building CXX object parser/CMakeFiles/protocol_parser_asan.dir/src/db_proto_impl.cpp.o
[ 32%] Building CXX object parser/CMakeFiles/protocol_parser_asan.dir/src/db_proto_service_impl.cpp.o
[ 33%] Building CXX object parser/CMakeFiles/protocol_parser.dir/src/logic_registry.cpp.o
[ 34%] Building CXX object parser/CMakeFiles/protocol_parser_ubsan.dir/src/protocol.cpp.o
[ 34%] Building CXX object parser/CMakeFiles/protocol_parser_asan.dir/src/db_var_impl.cpp.o
[ 34%] Building CXX object parser/CMakeFiles/protocol_parser.dir/src/stack.cpp.o
[ 35%] Building CXX object parser/CMakeFiles/protocol_parser.dir/src/stack_builder.cpp.o
[ 36%] Building CXX object parser/CMakeFiles/protocol_parser_asan.dir/src/logic_registry.cpp.o
[ 36%] Building CXX object parser/CMakeFiles/protocol_parser_ubsan.dir/src/db_proto_if_impl.cpp.o
[ 37%] Building CXX object parser/CMakeFiles/protocol_parser_ubsan.dir/src/db_proto_impl.cpp.o
[ 37%] Building CXX object parser/CMakeFiles/protocol_parser_ubsan.dir/src/db_proto_service_impl.cpp.o
[ 37%] Building CXX object parser/CMakeFiles/protocol_parser_asan.dir/src/stack.cpp.o
[ 38%] Building CXX object parser/CMakeFiles/protocol_parser_asan.dir/src/stack_builder.cpp.o
[ 39%] Building CXX object parser/CMakeFiles/protocol_parser_ubsan.dir/src/db_var_impl.cpp.o
[ 40%] Building CXX object parser/CMakeFiles/protocol_parser_ubsan.dir/src/logic_registry.cpp.o
[ 40%] Building CXX object parser/CMakeFiles/protocol_parser_ubsan.dir/src/stack.cpp.o
[ 41%] Building CXX object parser/CMakeFiles/protocol_parser_ubsan.dir/src/stack_builder.cpp.o
[ 42%] Building CXX object external/googletest/googlemock/CMakeFiles/gmock.dir/src/gmock-all.cc.o
[ 43%] Building CXX object external/googletest/googletest/CMakeFiles/gtest_main.dir/src/gtest_main.cc.o
[ 43%] Linking CXX shared library libprotocol_parser.so
[ 43%] Built target protocol_parser
[ 44%] Building CXX object logic/CMakeFiles/protocol_logic.dir/src/avtp_control_logic.cpp.o
[ 44%] Building CXX object logic/CMakeFiles/protocol_logic.dir/src/ethernet_frame_logic.cpp.o
[ 45%] Building CXX object traffic-gen/CMakeFiles/traffic_gen.dir/src/packet_builder.cpp.o
[ 46%] Linking CXX shared library libprotocol_parser_asan.so
[ 46%] Building CXX object logic/CMakeFiles/protocol_logic.dir/src/aecp_aem_logic.cpp.o
[ 46%] Building CXX object traffic-gen/CMakeFiles/traffic_gen.dir/src/packet_decoder.cpp.o
[ 47%] Building CXX object traffic-gen/CMakeFiles/traffic_gen.dir/src/pcap_sender.cpp.o
[ 48%] Linking CXX static library ../../../lib/libgtest_main.a
[ 48%] Built target gtest_main
[ 49%] Building CXX object traffic-gen/CMakeFiles/traffic_gen.dir/src/pcap_receiver.cpp.o
[ 49%] Built target protocol_parser_asan
[ 49%] Building CXX object parser/tests/CMakeFiles/gtest_parser-test.dir/gtest.cpp.o
[ 49%] Building CXX object traffic-gen/CMakeFiles/traffic_gen.dir/src/raw_socket_sender.cpp.o
[ 50%] Building CXX object traffic-gen/CMakeFiles/traffic_gen.dir/src/raw_socket_receiver.cpp.o
[ 51%] Linking CXX shared library libprotocol_logic.so
[ 51%] Building CXX object traffic-gen/CMakeFiles/traffic_gen.dir/src/verilator_sender.cpp.o
[ 51%] Linking CXX shared library libprotocol_parser_ubsan.so
[ 51%] Built target protocol_logic
[ 51%] Building CXX object parser/tests/CMakeFiles/protocol_parser-test_ASAN.dir/protocol_parser_test.cpp.o
[ 52%] Building CXX object traffic-gen/CMakeFiles/traffic_gen.dir/src/verilator_receiver.cpp.o
[ 52%] Building CXX object traffic-gen/CMakeFiles/traffic_gen.dir/src/traffic_generator.cpp.o
[ 53%] Building CXX object traffic-gen/CMakeFiles/traffic_gen.dir/src/session.cpp.o
[ 53%] Built target protocol_parser_ubsan
[ 54%] Building CXX object parser/tests/CMakeFiles/protocol_parser-test.dir/protocol_parser_test.cpp.o
[ 55%] Building CXX object parser/tests/CMakeFiles/object_serializer-test_UBSAN.dir/object_serializer_test.cpp.o
[ 56%] Linking CXX executable gtest_parser-test
[ 57%] Building CXX object parser/tests/CMakeFiles/object_serializer-test_ASAN.dir/object_serializer_test.cpp.o
[ 57%] Linking CXX static library ../../../lib/libgmock.a
[ 57%] Built target gmock
[ 58%] Building CXX object parser/tests/CMakeFiles/object_serializer-test.dir/object_serializer_test.cpp.o
[ 58%] Built target gtest_parser-test
[ 58%] Building CXX object parser/tests/CMakeFiles/logic_registry-test_UBSAN.dir/logic_registry_test.cpp.o
[ 58%] Building CXX object parser/tests/CMakeFiles/logic_registry-test_ASAN.dir/logic_registry_test.cpp.o
[ 59%] Linking CXX executable protocol_parser-test_ASAN
[ 60%] Linking CXX shared library libtraffic_gen.so
[ 61%] Linking CXX executable protocol_parser-test
[ 61%] Built target protocol_parser-test_ASAN
[ 61%] Built target traffic_gen
[ 61%] Building CXX object parser/tests/CMakeFiles/logic_registry-test.dir/logic_registry_test.cpp.o
[ 62%] Building CXX object parser/tests/CMakeFiles/stack_builder-test_UBSAN.dir/stack_builder_test.cpp.o
[ 62%] Built target protocol_parser-test
[ 63%] Building CXX object parser/tests/CMakeFiles/stack_builder-test_ASAN.dir/stack_builder_test.cpp.o
[ 64%] Linking CXX executable logic_registry-test_UBSAN
[ 64%] Built target logic_registry-test_UBSAN
[ 64%] Building CXX object parser/tests/CMakeFiles/stack_builder-test.dir/stack_builder_test.cpp.o
[ 64%] Linking CXX executable object_serializer-test
[ 64%] Linking CXX executable object_serializer-test_ASAN
[ 64%] Linking CXX executable object_serializer-test_UBSAN
[ 65%] Linking CXX executable logic_registry-test_ASAN
[ 65%] Built target object_serializer-test
[ 66%] Building CXX object parser/tests/CMakeFiles/validator-test_UBSAN.dir/validator_test.cpp.o
[ 66%] Built target object_serializer-test_ASAN
[ 66%] Built target object_serializer-test_UBSAN
[ 67%] Building CXX object parser/tests/CMakeFiles/validator-test_ASAN.dir/validator_test.cpp.o
[ 68%] Building CXX object parser/tests/CMakeFiles/validator-test.dir/validator_test.cpp.o
[ 68%] Built target logic_registry-test_ASAN
[ 69%] Building CXX object logic/tests/CMakeFiles/ethernet_frame_logic-test.dir/ethernet_frame_logic_test.cpp.o
[ 70%] Linking CXX executable logic_registry-test
[ 70%] Built target logic_registry-test
[ 71%] Building CXX object logic/tests/CMakeFiles/stack_codec-test.dir/stack_codec_test.cpp.o
[ 71%] Linking CXX executable validator-test
[ 71%] Linking CXX executable validator-test_ASAN
[ 72%] Linking CXX executable validator-test_UBSAN
[ 72%] Built target validator-test
[ 73%] Building CXX object traffic-gen/CMakeFiles/traffic_gen_ubsan.dir/src/packet_builder.cpp.o
[ 73%] Built target validator-test_ASAN
[ 73%] Linking CXX executable stack_builder-test_ASAN
[ 73%] Building CXX object traffic-gen/CMakeFiles/traffic_gen_asan.dir/src/packet_builder.cpp.o
[ 73%] Built target validator-test_UBSAN
[ 74%] Building CXX object traffic-gen/CMakeFiles/packet_gen.dir/tools/packet_gen_main.cpp.o
[ 74%] Built target stack_builder-test_ASAN
[ 74%] Building CXX object traffic-gen/tests/CMakeFiles/traffic_gen-test.dir/traffic_gen_test.cpp.o
[ 75%] Linking CXX executable stack_builder-test
[ 75%] Linking CXX executable stack_builder-test_UBSAN
[ 75%] Built target stack_builder-test
[ 75%] Building CXX object traffic-gen/tests/CMakeFiles/adp_fuzz-test.dir/adp_fuzz_test.cpp.o
[ 75%] Linking CXX executable ethernet_frame_logic-test
[ 75%] Built target stack_builder-test_UBSAN
[ 76%] Building CXX object traffic-gen/tests/CMakeFiles/ptp_flags-test.dir/ptp_flags_test.cpp.o
[ 76%] Built target ethernet_frame_logic-test
[ 77%] Building CXX object external/googletest/googlemock/CMakeFiles/gmock_main.dir/src/gmock_main.cc.o
[ 77%] Building CXX object traffic-gen/CMakeFiles/traffic_gen_ubsan.dir/src/packet_decoder.cpp.o
[ 78%] Building CXX object traffic-gen/CMakeFiles/traffic_gen_asan.dir/src/packet_decoder.cpp.o
[ 78%] Linking CXX executable stack_codec-test
[ 78%] Built target stack_codec-test
[ 78%] Building CXX object parser/tests/CMakeFiles/protocol_parser-test_UBSAN.dir/protocol_parser_test.cpp.o
[ 79%] Building CXX object traffic-gen/CMakeFiles/traffic_gen_asan.dir/src/pcap_sender.cpp.o
[ 80%] Building CXX object traffic-gen/CMakeFiles/traffic_gen_ubsan.dir/src/pcap_sender.cpp.o
[ 81%] Linking CXX executable packet_gen
[ 81%] Linking CXX static library ../../../lib/libgmock_main.a
[ 81%] Built target packet_gen
[ 81%] Building CXX object traffic-gen/CMakeFiles/traffic_gen_ubsan.dir/src/pcap_receiver.cpp.o
[ 81%] Building CXX object traffic-gen/CMakeFiles/traffic_gen_asan.dir/src/pcap_receiver.cpp.o
[ 81%] Built target gmock_main
[ 82%] Building CXX object traffic-gen/CMakeFiles/traffic_gen_asan.dir/src/raw_socket_sender.cpp.o
[ 83%] Building CXX object traffic-gen/CMakeFiles/traffic_gen_ubsan.dir/src/raw_socket_sender.cpp.o
[ 84%] Linking CXX executable traffic_gen-test
[ 84%] Building CXX object traffic-gen/CMakeFiles/traffic_gen_asan.dir/src/raw_socket_receiver.cpp.o
[ 84%] Building CXX object traffic-gen/CMakeFiles/traffic_gen_ubsan.dir/src/raw_socket_receiver.cpp.o
[ 85%] Building CXX object traffic-gen/CMakeFiles/traffic_gen_asan.dir/src/verilator_sender.cpp.o
[ 86%] Building CXX object traffic-gen/CMakeFiles/traffic_gen_ubsan.dir/src/verilator_sender.cpp.o
[ 86%] Linking CXX executable ptp_flags-test
[ 87%] Linking CXX executable adp_fuzz-test
[ 87%] Built target traffic_gen-test
[ 87%] Building CXX object traffic-gen/CMakeFiles/traffic_gen_ubsan.dir/src/verilator_receiver.cpp.o
[ 87%] Built target ptp_flags-test
[ 88%] Building CXX object traffic-gen/CMakeFiles/traffic_gen_ubsan.dir/src/traffic_generator.cpp.o
[ 88%] Built target adp_fuzz-test
[ 89%] Building CXX object traffic-gen/CMakeFiles/traffic_gen_ubsan.dir/src/session.cpp.o
[ 89%] Building CXX object traffic-gen/CMakeFiles/traffic_gen_asan.dir/src/verilator_receiver.cpp.o
[ 90%] Building CXX object traffic-gen/CMakeFiles/traffic_gen_asan.dir/src/traffic_generator.cpp.o
[ 90%] Building CXX object traffic-gen/CMakeFiles/traffic_gen_asan.dir/src/session.cpp.o
[ 91%] Linking CXX executable protocol_parser-test_UBSAN
[ 91%] Built target protocol_parser-test_UBSAN
[ 92%] Linking CXX shared library libtraffic_gen_asan.so
[ 92%] Built target traffic_gen_asan
[ 92%] Linking CXX shared library libtraffic_gen_ubsan.so
[ 92%] Building CXX object traffic-gen/tests/CMakeFiles/traffic_gen-test_ASAN.dir/traffic_gen_test.cpp.o
[ 93%] Building CXX object traffic-gen/tests/CMakeFiles/ptp_flags-test_ASAN.dir/ptp_flags_test.cpp.o
[ 93%] Building CXX object traffic-gen/tests/CMakeFiles/adp_fuzz-test_ASAN.dir/adp_fuzz_test.cpp.o
[ 93%] Built target traffic_gen_ubsan
[ 93%] Building CXX object traffic-gen/tests/CMakeFiles/traffic_gen-test_UBSAN.dir/traffic_gen_test.cpp.o
[ 94%] Building CXX object traffic-gen/tests/CMakeFiles/ptp_flags-test_UBSAN.dir/ptp_flags_test.cpp.o
[ 94%] Building CXX object traffic-gen/tests/CMakeFiles/adp_fuzz-test_UBSAN.dir/adp_fuzz_test.cpp.o
[ 94%] Linking CXX executable ptp_flags-test_ASAN
[ 95%] Linking CXX executable adp_fuzz-test_ASAN
[ 96%] Linking CXX executable traffic_gen-test_ASAN
[ 96%] Built target ptp_flags-test_ASAN
[ 96%] Built target adp_fuzz-test_ASAN
[ 96%] Built target traffic_gen-test_ASAN
[ 97%] Linking CXX executable ptp_flags-test_UBSAN
[ 98%] Linking CXX executable adp_fuzz-test_UBSAN
[ 98%] Built target ptp_flags-test_UBSAN
[100%] Linking CXX executable traffic_gen-test_UBSAN
[100%] Built target adp_fuzz-test_UBSAN
[100%] Built target traffic_gen-test_UBSAN
# end: 2026-09-22T07:25:05Z exit: 0
