# id: 061-venv-behave
# description: pip install behave into the disposable venv (documented BDD tool)
# cwd: $VALIDATION_STORAGE/tmp/a162-tsngen15
# argv: $VALIDATION_STORAGE/tmp/a162-tsngen15/venv/bin/pip install behave 
# start: 2026-09-22T07:29:07Z
Collecting behave
  Using cached behave-1.3.3-py2.py3-none-any.whl.metadata (10 kB)
Collecting cucumber-tag-expressions>=4.1.0 (from behave)
  Using cached cucumber_tag_expressions-11.0.1-py3-none-any.whl.metadata (4.7 kB)
Collecting cucumber-expressions>=17.1.0 (from behave)
  Using cached cucumber_expressions-20.1.0-py3-none-any.whl.metadata (1.7 kB)
Collecting parse>=1.18.0 (from behave)
  Downloading parse-1.22.2-py2.py3-none-any.whl.metadata (21 kB)
Collecting parse-type>=0.6.0 (from behave)
  Using cached parse_type-0.6.6-py2.py3-none-any.whl.metadata (12 kB)
Collecting six>=1.15.0 (from behave)
  Using cached six-1.17.0-py2.py3-none-any.whl.metadata (1.7 kB)
Collecting colorama>=0.3.7 (from behave)
  Using cached colorama-0.4.6-py2.py3-none-any.whl.metadata (17 kB)
Using cached behave-1.3.3-py2.py3-none-any.whl (223 kB)
Using cached colorama-0.4.6-py2.py3-none-any.whl (25 kB)
Using cached cucumber_expressions-20.1.0-py3-none-any.whl (20 kB)
Using cached cucumber_tag_expressions-11.0.1-py3-none-any.whl (9.8 kB)
Downloading parse-1.22.2-py2.py3-none-any.whl (21 kB)
Using cached parse_type-0.6.6-py2.py3-none-any.whl (27 kB)
Using cached six-1.17.0-py2.py3-none-any.whl (11 kB)
Installing collected packages: parse, six, cucumber-tag-expressions, cucumber-expressions, colorama, parse-type, behave

Successfully installed behave-1.3.3 colorama-0.4.6 cucumber-expressions-20.1.0 cucumber-tag-expressions-11.0.1 parse-1.22.2 parse-type-0.6.6 six-1.17.0
# end: 2026-09-22T07:29:08Z exit: 0
