consumer-configure-base-tests-off-empty exit 0
consumer-build-base-tests-off-empty exit 0
consumer-run-base-tests-off-empty exit 0
consumer-configure-head-tests-off-empty exit 0
consumer-build-head-tests-off-empty exit 0
consumer-run-head-tests-off-empty exit 0
consumer-configure-base-tests-off-Debug exit 0
consumer-build-base-tests-off-Debug exit 0
consumer-run-base-tests-off-Debug exit 0
consumer-configure-head-tests-off-Debug exit 0
consumer-build-head-tests-off-Debug exit 0
consumer-run-head-tests-off-Debug exit 0
consumer-configure-base-embedded-empty exit 0
consumer-build-base-embedded-empty exit 0
consumer-run-base-embedded-empty exit 0
consumer-configure-head-embedded-empty exit 0
consumer-build-head-embedded-empty exit 0
consumer-run-head-embedded-empty exit 0
consumer-configure-base-embedded-Debug exit 0
consumer-build-base-embedded-Debug exit 0
consumer-run-base-embedded-Debug exit 0
consumer-configure-head-embedded-Debug exit 0
consumer-build-head-embedded-Debug exit 0
consumer-run-head-embedded-Debug exit 0
