configure-base-ON-empty exit 0
configure-head-ON-empty exit 0
configure-base-ON-Debug exit 0
configure-head-ON-Debug exit 0
configure-base-ON-Release exit 0
configure-head-ON-Release exit 0
configure-base-ON-MinSizeRel exit 0
configure-head-ON-MinSizeRel exit 0
configure-base-ON-RelWithDebInfo exit 0
configure-head-ON-RelWithDebInfo exit 0
configure-base-unset-empty exit 0
configure-head-unset-empty exit 0
configure-base-unset-Debug exit 0
configure-head-unset-Debug exit 0
configure-base-unset-Release exit 0
configure-head-unset-Release exit 0
configure-base-unset-MinSizeRel exit 0
configure-head-unset-MinSizeRel exit 0
configure-base-unset-RelWithDebInfo exit 0
configure-head-unset-RelWithDebInfo exit 0
