rm: cannot remove './build': No such file or directory
-- The CXX compiler identification is GNU 16.2.1
-- Detecting CXX compiler ABI info
-- Detecting CXX compiler ABI info - done
-- Check for working CXX compiler: /usr/bin/c++ - skipped
-- Detecting CXX compile features
-- Detecting CXX compile features - done
-- ryml: using C++ standard: C++17
-- ryml: importing subproject c4core (SUBDIRECTORY)... $VALIDATION_STORAGE/reviews/r231-18-r1-scratch/src/cand/external/rapidyaml/ext/c4core
-- c4core: using C++ standard: C++17
CMake Warning (author) at external/rapidyaml/ext/c4core/cmake/c4Project.cmake:2056 (elseif):
  ELSEIF called with no arguments, it will be skipped.
Call Stack (most recent call first):
  external/rapidyaml/ext/c4core/cmake/c4Project.cmake:1889 (c4_add_target)
  external/rapidyaml/ext/c4core/CMakeLists.txt:94 (c4_add_library)
This warning is for project developers.  Use -Wno-author to suppress it.

CMake Warning (policy) at external/rapidyaml/ext/c4core/cmake/c4Project.cmake:2694 (install):
  Policy CMP0177 is not set: install() DESTINATION paths are normalized.  Run
  "cmake --help-policy CMP0177" for policy details.  Use the cmake_policy
  command to set the policy and suppress this warning.
Call Stack (most recent call first):
  external/rapidyaml/ext/c4core/cmake/c4Project.cmake:2777 (__c4_install_exports)
  external/rapidyaml/ext/c4core/CMakeLists.txt:112 (c4_install_exports)
This warning is for project developers.  Use -Wno-author or -Wno-policy to
suppress it.

CMake Warning (policy) at external/rapidyaml/ext/c4core/cmake/c4Project.cmake:2746 (install):
  Policy CMP0177 is not set: install() DESTINATION paths are normalized.  Run
  "cmake --help-policy CMP0177" for policy details.  Use the cmake_policy
  command to set the policy and suppress this warning.
Call Stack (most recent call first):
  external/rapidyaml/ext/c4core/cmake/c4Project.cmake:2777 (__c4_install_exports)
  external/rapidyaml/ext/c4core/CMakeLists.txt:112 (c4_install_exports)
This warning is for project developers.  Use -Wno-author or -Wno-policy to
suppress it.

CMake Warning (author) at external/rapidyaml/ext/c4core/cmake/c4Project.cmake:2056 (elseif):
  ELSEIF called with no arguments, it will be skipped.
Call Stack (most recent call first):
  external/rapidyaml/ext/c4core/cmake/c4Project.cmake:1889 (c4_add_target)
  external/rapidyaml/CMakeLists.txt:35 (c4_add_library)
This warning is for project developers.  Use -Wno-author to suppress it.

-- ryml: -----> target ryml PUBLIC incorporating lib c4core
CMake Warning (policy) at external/rapidyaml/ext/c4core/cmake/c4Project.cmake:2694 (install):
  Policy CMP0177 is not set: install() DESTINATION paths are normalized.  Run
  "cmake --help-policy CMP0177" for policy details.  Use the cmake_policy
  command to set the policy and suppress this warning.
Call Stack (most recent call first):
  external/rapidyaml/ext/c4core/cmake/c4Project.cmake:2777 (__c4_install_exports)
  external/rapidyaml/CMakeLists.txt:118 (c4_install_exports)
This warning is for project developers.  Use -Wno-author or -Wno-policy to
suppress it.

CMake Warning (policy) at external/rapidyaml/ext/c4core/cmake/c4Project.cmake:2746 (install):
  Policy CMP0177 is not set: install() DESTINATION paths are normalized.  Run
  "cmake --help-policy CMP0177" for policy details.  Use the cmake_policy
  command to set the policy and suppress this warning.
Call Stack (most recent call first):
  external/rapidyaml/ext/c4core/cmake/c4Project.cmake:2777 (__c4_install_exports)
  external/rapidyaml/CMakeLists.txt:118 (c4_install_exports)
This warning is for project developers.  Use -Wno-author or -Wno-policy to
suppress it.

-- The C compiler identification is GNU 16.2.1
-- Detecting C compiler ABI info
-- Detecting C compiler ABI info - done
-- Check for working C compiler: /usr/bin/cc - skipped
-- Detecting C compile features
-- Detecting C compile features - done
-- Performing Test CMAKE_HAVE_LIBC_PTHREAD
-- Performing Test CMAKE_HAVE_LIBC_PTHREAD - Success
-- Found Threads: TRUE
-- Generating Multi-library -fsanitize=undefined
-- tshark not found — skipping stack_codec_tshark validation
-- Generating Multi-library -fsanitize=undefined
-- Generating Multi-library -fsanitize=undefined
-- Configuring done (0.6s)
-- Generating done (0.1s)
-- Build files have been written to: $VALIDATION_STORAGE/reviews/r231-18-r1-scratch/src/cand/build
[  0%] Building CXX object external/rapidyaml/CMakeFiles/ryml.dir/src/c4/yml/common.cpp.o
[  2%] Building CXX object external/rapidyaml/CMakeFiles/ryml.dir/src/c4/yml/node.cpp.o
[  2%] Building CXX object tests/sanitizer/CMakeFiles/sanitizer_probe.dir/sanitizer_probe_lib.cpp.o
[  2%] Building CXX object tests/sanitizer/CMakeFiles/sanitizer_probe_asan.dir/sanitizer_probe_lib.cpp.o
[  2%] Building CXX object external/rapidyaml/CMakeFiles/ryml.dir/src/c4/yml/node_type.cpp.o
[  2%] Building CXX object tests/sanitizer/CMakeFiles/sanitizer_probe_ubsan.dir/sanitizer_probe_lib.cpp.o
[  2%] Building CXX object external/rapidyaml/subprojects/c4core/build/CMakeFiles/c4core.dir/src/c4/base64.cpp.o
[  3%] Building CXX object external/googletest/googletest/CMakeFiles/gtest.dir/src/gtest-all.cc.o
[  3%] Linking CXX shared library libsanitizer_probe.so
[  4%] Linking CXX shared library libsanitizer_probe_asan.so
[  5%] Linking CXX shared library libsanitizer_probe_ubsan.so
[  5%] Built target sanitizer_probe
[  5%] Built target sanitizer_probe_ubsan
[  5%] Built target sanitizer_probe_asan
[  6%] Building CXX object external/rapidyaml/CMakeFiles/ryml.dir/src/c4/yml/parse.cpp.o
[  7%] Building CXX object tests/sanitizer/CMakeFiles/sanitizer_probe-test.dir/sanitizer_probe_test.cpp.o
[  7%] Building CXX object tests/sanitizer/CMakeFiles/sanitizer_probe-test_UBSAN.dir/sanitizer_probe_test.cpp.o
[  7%] Linking CXX executable sanitizer_probe-test
[  8%] Linking CXX executable sanitizer_probe-test_UBSAN
[  8%] Built target sanitizer_probe-test
[  9%] Building CXX object tests/sanitizer/CMakeFiles/sanitizer_probe-test_ASAN.dir/sanitizer_probe_test.cpp.o
[  9%] Built target sanitizer_probe-test_UBSAN
[  9%] Building CXX object external/rapidyaml/CMakeFiles/ryml.dir/src/c4/yml/preprocess.cpp.o
[ 10%] Building CXX object external/rapidyaml/CMakeFiles/ryml.dir/src/c4/yml/reference_resolver.cpp.o
[ 11%] Building CXX object external/rapidyaml/subprojects/c4core/build/CMakeFiles/c4core.dir/src/c4/char_traits.cpp.o
[ 12%] Linking CXX executable sanitizer_probe-test_ASAN
[ 12%] Building CXX object external/rapidyaml/CMakeFiles/ryml.dir/src/c4/yml/tag.cpp.o
[ 12%] Built target sanitizer_probe-test_ASAN
[ 13%] Building CXX object external/rapidyaml/CMakeFiles/ryml.dir/src/c4/yml/tree.cpp.o
[ 14%] Building CXX object external/rapidyaml/subprojects/c4core/build/CMakeFiles/c4core.dir/src/c4/error.cpp.o
[ 15%] Building CXX object external/rapidyaml/CMakeFiles/ryml.dir/src/c4/yml/version.cpp.o
[ 15%] Building CXX object external/rapidyaml/subprojects/c4core/build/CMakeFiles/c4core.dir/src/c4/format.cpp.o
[ 15%] Building CXX object external/rapidyaml/CMakeFiles/ryml.dir/ext/c4core/src/c4/base64.cpp.o
[ 16%] Building CXX object external/rapidyaml/CMakeFiles/ryml.dir/ext/c4core/src/c4/char_traits.cpp.o
[ 16%] Building CXX object external/rapidyaml/CMakeFiles/ryml.dir/ext/c4core/src/c4/error.cpp.o
[ 17%] Building CXX object external/rapidyaml/CMakeFiles/ryml.dir/ext/c4core/src/c4/format.cpp.o
[ 17%] Building CXX object external/rapidyaml/CMakeFiles/ryml.dir/ext/c4core/src/c4/language.cpp.o
[ 18%] Building CXX object external/rapidyaml/CMakeFiles/ryml.dir/ext/c4core/src/c4/memory_resource.cpp.o
[ 19%] Building CXX object external/rapidyaml/CMakeFiles/ryml.dir/ext/c4core/src/c4/memory_util.cpp.o
[ 19%] Building CXX object external/rapidyaml/CMakeFiles/ryml.dir/ext/c4core/src/c4/utf.cpp.o
[ 20%] Building CXX object external/rapidyaml/subprojects/c4core/build/CMakeFiles/c4core.dir/src/c4/language.cpp.o
[ 21%] Building CXX object external/rapidyaml/CMakeFiles/ryml.dir/ext/c4core/src/c4/version.cpp.o
[ 21%] Building CXX object external/rapidyaml/subprojects/c4core/build/CMakeFiles/c4core.dir/src/c4/memory_resource.cpp.o
[ 22%] Building CXX object external/rapidyaml/subprojects/c4core/build/CMakeFiles/c4core.dir/src/c4/memory_util.cpp.o
[ 22%] Building CXX object external/rapidyaml/subprojects/c4core/build/CMakeFiles/c4core.dir/src/c4/utf.cpp.o
[ 23%] Building CXX object external/rapidyaml/subprojects/c4core/build/CMakeFiles/c4core.dir/src/c4/version.cpp.o
[ 23%] Linking CXX shared library libc4core.so
[ 23%] Built target c4core
[ 23%] Linking CXX shared library libryml.so
[ 23%] Built target ryml
[ 24%] Building CXX object parser/CMakeFiles/protocol_parser_asan.dir/src/log.cpp.o
[ 24%] Building CXX object parser/CMakeFiles/protocol_parser_asan.dir/src/validator.cpp.o
[ 26%] Building CXX object parser/CMakeFiles/protocol_parser_asan.dir/src/protocol.cpp.o
[ 26%] Building CXX object parser/CMakeFiles/protocol_parser_asan.dir/src/db_proto_if_impl.cpp.o
[ 26%] Building CXX object parser/CMakeFiles/protocol_parser_ubsan.dir/src/log.cpp.o
[ 26%] Building CXX object parser/CMakeFiles/protocol_parser.dir/src/log.cpp.o
[ 26%] Building CXX object parser/CMakeFiles/protocol_parser_asan.dir/src/protocol_parser.cpp.o
[ 27%] Building CXX object parser/CMakeFiles/protocol_parser.dir/src/validator.cpp.o
[ 27%] Building CXX object parser/CMakeFiles/protocol_parser_asan.dir/src/db_proto_impl.cpp.o
[ 28%] Building CXX object parser/CMakeFiles/protocol_parser_ubsan.dir/src/validator.cpp.o
[ 29%] Building CXX object parser/CMakeFiles/protocol_parser_asan.dir/src/db_proto_service_impl.cpp.o
[ 29%] Building CXX object parser/CMakeFiles/protocol_parser_asan.dir/src/db_var_impl.cpp.o
[ 29%] Linking CXX shared library ../../../lib/libgtest.so
[ 30%] Building CXX object parser/CMakeFiles/protocol_parser_asan.dir/src/logic_registry.cpp.o
[ 30%] Built target gtest
[ 30%] Building CXX object parser/CMakeFiles/protocol_parser_asan.dir/src/stack.cpp.o
[ 31%] Building CXX object parser/CMakeFiles/protocol_parser_asan.dir/src/stack_builder.cpp.o
[ 31%] Building CXX object parser/CMakeFiles/protocol_parser_ubsan.dir/src/protocol_parser.cpp.o
[ 32%] Building CXX object parser/CMakeFiles/protocol_parser_ubsan.dir/src/protocol.cpp.o
[ 32%] Building CXX object parser/CMakeFiles/protocol_parser_ubsan.dir/src/db_proto_if_impl.cpp.o
[ 32%] Building CXX object parser/CMakeFiles/protocol_parser.dir/src/protocol_parser.cpp.o
[ 33%] Building CXX object parser/CMakeFiles/protocol_parser_ubsan.dir/src/db_proto_impl.cpp.o
[ 33%] Building CXX object parser/CMakeFiles/protocol_parser_ubsan.dir/src/db_proto_service_impl.cpp.o
[ 34%] Building CXX object parser/CMakeFiles/protocol_parser_ubsan.dir/src/db_var_impl.cpp.o
[ 35%] Building CXX object parser/CMakeFiles/protocol_parser_ubsan.dir/src/logic_registry.cpp.o
[ 35%] Building CXX object parser/CMakeFiles/protocol_parser_ubsan.dir/src/stack.cpp.o
[ 36%] Linking CXX shared library libprotocol_parser_asan.so
[ 37%] Building CXX object parser/CMakeFiles/protocol_parser_ubsan.dir/src/stack_builder.cpp.o
[ 38%] Building CXX object parser/CMakeFiles/protocol_parser.dir/src/protocol.cpp.o
[ 38%] Built target protocol_parser_asan
[ 39%] Building CXX object external/googletest/googlemock/CMakeFiles/gmock.dir/src/gmock-all.cc.o
[ 40%] Building CXX object parser/CMakeFiles/protocol_parser.dir/src/db_proto_if_impl.cpp.o
[ 40%] Building CXX object parser/CMakeFiles/protocol_parser.dir/src/db_proto_impl.cpp.o
[ 41%] Building CXX object external/googletest/googletest/CMakeFiles/gtest_main.dir/src/gtest_main.cc.o
[ 42%] Building CXX object parser/CMakeFiles/protocol_parser.dir/src/db_proto_service_impl.cpp.o
[ 42%] Building CXX object parser/CMakeFiles/protocol_parser.dir/src/db_var_impl.cpp.o
[ 43%] Building CXX object parser/CMakeFiles/protocol_parser.dir/src/logic_registry.cpp.o
[ 43%] Building CXX object parser/CMakeFiles/protocol_parser.dir/src/stack.cpp.o
[ 44%] Linking CXX shared library ../../../lib/libgtest_main.so
[ 45%] Building CXX object parser/CMakeFiles/protocol_parser.dir/src/stack_builder.cpp.o
[ 46%] Building CXX object traffic-gen/CMakeFiles/traffic_gen_asan.dir/src/packet_decoder.cpp.o
[ 46%] Building CXX object traffic-gen/CMakeFiles/traffic_gen_asan.dir/src/packet_builder.cpp.o
[ 46%] Built target gtest_main
[ 47%] Building CXX object traffic-gen/CMakeFiles/traffic_gen_asan.dir/src/pcap_sender.cpp.o
[ 47%] Building CXX object traffic-gen/CMakeFiles/traffic_gen_asan.dir/src/pcap_receiver.cpp.o
[ 48%] Building CXX object traffic-gen/CMakeFiles/traffic_gen_asan.dir/src/raw_socket_sender.cpp.o
[ 48%] Building CXX object traffic-gen/CMakeFiles/traffic_gen_asan.dir/src/raw_socket_receiver.cpp.o
[ 49%] Building CXX object traffic-gen/CMakeFiles/traffic_gen_asan.dir/src/verilator_sender.cpp.o
[ 49%] Linking CXX shared library libprotocol_parser_ubsan.so
[ 49%] Built target protocol_parser_ubsan
[ 49%] Building CXX object traffic-gen/CMakeFiles/traffic_gen_asan.dir/src/verilator_receiver.cpp.o
[ 49%] Building CXX object parser/tests/CMakeFiles/gtest_parser-test.dir/gtest.cpp.o
[ 50%] Building CXX object traffic-gen/CMakeFiles/traffic_gen_asan.dir/src/traffic_generator.cpp.o
[ 50%] Building CXX object traffic-gen/CMakeFiles/traffic_gen_asan.dir/src/session.cpp.o
[ 50%] Linking CXX shared library ../../../lib/libgmock.so
[ 50%] Building CXX object parser/tests/CMakeFiles/protocol_parser-test_UBSAN.dir/protocol_parser_test.cpp.o
[ 50%] Building CXX object parser/tests/CMakeFiles/protocol_parser-test_ASAN.dir/protocol_parser_test.cpp.o
[ 50%] Built target gmock
[ 51%] Building CXX object parser/tests/CMakeFiles/object_serializer-test_UBSAN.dir/object_serializer_test.cpp.o
[ 52%] Building CXX object parser/tests/CMakeFiles/object_serializer-test_ASAN.dir/object_serializer_test.cpp.o
[ 52%] Linking CXX shared library libprotocol_parser.so
[ 52%] Built target protocol_parser
[ 52%] Building CXX object parser/tests/CMakeFiles/logic_registry-test_UBSAN.dir/logic_registry_test.cpp.o
[ 53%] Linking CXX executable gtest_parser-test
[ 53%] Built target gtest_parser-test
[ 53%] Building CXX object parser/tests/CMakeFiles/logic_registry-test_ASAN.dir/logic_registry_test.cpp.o
[ 53%] Building CXX object parser/tests/CMakeFiles/logic_registry-test.dir/logic_registry_test.cpp.o
[ 54%] Linking CXX shared library libtraffic_gen_asan.so
[ 55%] Linking CXX executable protocol_parser-test_ASAN
[ 55%] Built target traffic_gen_asan
[ 56%] Building CXX object parser/tests/CMakeFiles/stack_builder-test_UBSAN.dir/stack_builder_test.cpp.o
[ 56%] Built target protocol_parser-test_ASAN
[ 57%] Building CXX object parser/tests/CMakeFiles/stack_builder-test_ASAN.dir/stack_builder_test.cpp.o
[ 58%] Linking CXX executable protocol_parser-test_UBSAN
[ 59%] Linking CXX executable logic_registry-test_UBSAN
[ 59%] Built target protocol_parser-test_UBSAN
[ 59%] Building CXX object parser/tests/CMakeFiles/stack_builder-test.dir/stack_builder_test.cpp.o
[ 60%] Linking CXX executable logic_registry-test_ASAN
[ 60%] Built target logic_registry-test_UBSAN
[ 60%] Linking CXX executable object_serializer-test_ASAN
[ 61%] Building CXX object parser/tests/CMakeFiles/validator-test_UBSAN.dir/validator_test.cpp.o
[ 61%] Linking CXX executable object_serializer-test_UBSAN
[ 62%] Linking CXX executable logic_registry-test
[ 62%] Built target logic_registry-test_ASAN
[ 63%] Building CXX object parser/tests/CMakeFiles/validator-test_ASAN.dir/validator_test.cpp.o
[ 63%] Built target object_serializer-test_ASAN
[ 63%] Built target object_serializer-test_UBSAN
[ 64%] Building CXX object parser/tests/CMakeFiles/validator-test.dir/validator_test.cpp.o
[ 64%] Building CXX object logic/CMakeFiles/protocol_logic.dir/src/ethernet_frame_logic.cpp.o
[ 64%] Built target logic_registry-test
[ 65%] Building CXX object traffic-gen/CMakeFiles/traffic_gen.dir/src/packet_builder.cpp.o
[ 66%] Building CXX object logic/CMakeFiles/protocol_logic.dir/src/avtp_control_logic.cpp.o
[ 66%] Building CXX object traffic-gen/CMakeFiles/traffic_gen.dir/src/packet_decoder.cpp.o
[ 66%] Building CXX object logic/CMakeFiles/protocol_logic.dir/src/aecp_aem_logic.cpp.o
[ 66%] Linking CXX executable validator-test
[ 67%] Linking CXX executable validator-test_UBSAN
[ 67%] Linking CXX executable validator-test_ASAN
[ 67%] Built target validator-test
[ 68%] Building CXX object traffic-gen/CMakeFiles/traffic_gen_ubsan.dir/src/packet_builder.cpp.o
[ 68%] Built target validator-test_UBSAN
[ 68%] Building CXX object traffic-gen/tests/CMakeFiles/traffic_gen-test_ASAN.dir/traffic_gen_test.cpp.o
[ 68%] Built target validator-test_ASAN
[ 68%] Building CXX object traffic-gen/tests/CMakeFiles/adp_fuzz-test_ASAN.dir/adp_fuzz_test.cpp.o
[ 69%] Linking CXX shared library libprotocol_logic.so
[ 70%] Building CXX object traffic-gen/CMakeFiles/traffic_gen.dir/src/pcap_sender.cpp.o
[ 70%] Built target protocol_logic
[ 71%] Building CXX object traffic-gen/tests/CMakeFiles/ptp_flags-test_ASAN.dir/ptp_flags_test.cpp.o
[ 71%] Linking CXX executable stack_builder-test_ASAN
[ 72%] Linking CXX executable stack_builder-test
[ 72%] Built target stack_builder-test_ASAN
[ 73%] Building CXX object traffic-gen/CMakeFiles/traffic_gen.dir/src/pcap_receiver.cpp.o
[ 74%] Building CXX object external/googletest/googlemock/CMakeFiles/gmock_main.dir/src/gmock_main.cc.o
[ 74%] Built target stack_builder-test
[ 75%] Building CXX object parser/tests/CMakeFiles/protocol_parser-test.dir/protocol_parser_test.cpp.o
[ 75%] Linking CXX executable stack_builder-test_UBSAN
[ 75%] Built target stack_builder-test_UBSAN
[ 76%] Building CXX object parser/tests/CMakeFiles/object_serializer-test.dir/object_serializer_test.cpp.o
[ 76%] Building CXX object traffic-gen/CMakeFiles/traffic_gen_ubsan.dir/src/packet_decoder.cpp.o
[ 76%] Building CXX object traffic-gen/CMakeFiles/traffic_gen.dir/src/raw_socket_sender.cpp.o
[ 77%] Building CXX object traffic-gen/CMakeFiles/traffic_gen.dir/src/raw_socket_receiver.cpp.o
[ 77%] Linking CXX shared library ../../../lib/libgmock_main.so
[ 77%] Building CXX object traffic-gen/CMakeFiles/traffic_gen.dir/src/verilator_sender.cpp.o
[ 78%] Building CXX object traffic-gen/CMakeFiles/traffic_gen_ubsan.dir/src/pcap_sender.cpp.o
[ 78%] Built target gmock_main
[ 79%] Building CXX object traffic-gen/CMakeFiles/traffic_gen.dir/src/verilator_receiver.cpp.o
[ 79%] Building CXX object traffic-gen/CMakeFiles/traffic_gen_ubsan.dir/src/pcap_receiver.cpp.o
[ 79%] Building CXX object traffic-gen/CMakeFiles/traffic_gen.dir/src/traffic_generator.cpp.o
[ 80%] Building CXX object logic/tests/CMakeFiles/ethernet_frame_logic-test.dir/ethernet_frame_logic_test.cpp.o
[ 81%] Linking CXX executable protocol_parser-test
[ 82%] Linking CXX executable traffic_gen-test_ASAN
[ 83%] Linking CXX executable adp_fuzz-test_ASAN
[ 83%] Built target protocol_parser-test
[ 84%] Building CXX object traffic-gen/CMakeFiles/traffic_gen.dir/src/session.cpp.o
[ 84%] Linking CXX executable ptp_flags-test_ASAN
[ 84%] Built target traffic_gen-test_ASAN
[ 85%] Building CXX object traffic-gen/CMakeFiles/traffic_gen_ubsan.dir/src/raw_socket_sender.cpp.o
[ 85%] Built target adp_fuzz-test_ASAN
[ 85%] Building CXX object traffic-gen/CMakeFiles/traffic_gen_ubsan.dir/src/raw_socket_receiver.cpp.o
[ 86%] Building CXX object traffic-gen/CMakeFiles/traffic_gen_ubsan.dir/src/verilator_sender.cpp.o
[ 86%] Linking CXX executable object_serializer-test
[ 86%] Built target ptp_flags-test_ASAN
[ 86%] Building CXX object traffic-gen/CMakeFiles/traffic_gen_ubsan.dir/src/verilator_receiver.cpp.o
[ 86%] Built target object_serializer-test
[ 87%] Building CXX object traffic-gen/CMakeFiles/traffic_gen_ubsan.dir/src/traffic_generator.cpp.o
[ 88%] Building CXX object traffic-gen/CMakeFiles/traffic_gen_ubsan.dir/src/session.cpp.o
[ 89%] Linking CXX shared library libtraffic_gen.so
[ 89%] Linking CXX executable ethernet_frame_logic-test
[ 89%] Built target traffic_gen
[ 89%] Built target ethernet_frame_logic-test
[ 90%] Building CXX object traffic-gen/CMakeFiles/packet_gen.dir/tools/packet_gen_main.cpp.o
[ 90%] Building CXX object traffic-gen/tests/CMakeFiles/traffic_gen-test.dir/traffic_gen_test.cpp.o
[ 91%] Building CXX object logic/tests/CMakeFiles/stack_codec-test.dir/stack_codec_test.cpp.o
[ 92%] Building CXX object traffic-gen/tests/CMakeFiles/ptp_flags-test.dir/ptp_flags_test.cpp.o
[ 92%] Building CXX object traffic-gen/tests/CMakeFiles/adp_fuzz-test.dir/adp_fuzz_test.cpp.o
[ 92%] Linking CXX shared library libtraffic_gen_ubsan.so
[ 92%] Built target traffic_gen_ubsan
[ 92%] Building CXX object traffic-gen/tests/CMakeFiles/adp_fuzz-test_UBSAN.dir/adp_fuzz_test.cpp.o
[ 92%] Building CXX object traffic-gen/tests/CMakeFiles/traffic_gen-test_UBSAN.dir/traffic_gen_test.cpp.o
[ 93%] Building CXX object traffic-gen/tests/CMakeFiles/ptp_flags-test_UBSAN.dir/ptp_flags_test.cpp.o
[ 94%] Linking CXX executable packet_gen
[ 94%] Built target packet_gen
[ 94%] Linking CXX executable ptp_flags-test
[ 95%] Linking CXX executable traffic_gen-test
[ 95%] Linking CXX executable stack_codec-test
[ 95%] Built target ptp_flags-test
[ 96%] Linking CXX executable adp_fuzz-test
[ 96%] Built target stack_codec-test
[ 96%] Built target traffic_gen-test
[ 96%] Built target adp_fuzz-test
[ 97%] Linking CXX executable ptp_flags-test_UBSAN
[ 97%] Built target ptp_flags-test_UBSAN
[ 98%] Linking CXX executable adp_fuzz-test_UBSAN
[100%] Linking CXX executable traffic_gen-test_UBSAN
[100%] Built target adp_fuzz-test_UBSAN
[100%] Built target traffic_gen-test_UBSAN
Executing software test suite
Test location: $VALIDATION_STORAGE/reviews/r231-18-r1-scratch/src/cand/tests/../build
Test project $VALIDATION_STORAGE/reviews/r231-18-r1-scratch/src/cand/build
        Start   1: ParserUsingTest.Version
  1/292 Test   #1: ParserUsingTest.Version .................................   Passed    0.01 sec
        Start   2: ParserUsingTest.BasePath
  2/292 Test   #2: ParserUsingTest.BasePath ................................   Passed    0.01 sec
        Start   3: Parser.InvalidPathInt
  3/292 Test   #3: Parser.InvalidPathInt ...................................   Passed    0.00 sec
        Start   4: Parser.VarCreation
  4/292 Test   #4: Parser.VarCreation ......................................   Passed    0.01 sec
        Start   5: Parser.VarCreationTooSmall
  5/292 Test   #5: Parser.VarCreationTooSmall ..............................   Passed    0.00 sec
        Start   6: Parser.listFiles
  6/292 Test   #6: Parser.listFiles ........................................   Passed    0.01 sec
        Start   7: Parser.VerifyDepth
  7/292 Test   #7: Parser.VerifyDepth ......................................   Passed    0.00 sec
        Start   8: Parser.DivergingPath
  8/292 Test   #8: Parser.DivergingPath ....................................   Passed    0.01 sec
        Start   9: Parser.ParsingProtocolNameInvalid
  9/292 Test   #9: Parser.ParsingProtocolNameInvalid .......................   Passed    0.01 sec
        Start  10: ParserUsingTest.Version
 10/292 Test  #10: ParserUsingTest.Version .................................   Passed    0.02 sec
        Start  11: ParserUsingTest.BasePath
 11/292 Test  #11: ParserUsingTest.BasePath ................................   Passed    0.02 sec
        Start  12: Parser.InvalidPathInt
 12/292 Test  #12: Parser.InvalidPathInt ...................................   Passed    0.02 sec
        Start  13: Parser.VarCreation
 13/292 Test  #13: Parser.VarCreation ......................................   Passed    0.02 sec
        Start  14: Parser.VarCreationTooSmall
 14/292 Test  #14: Parser.VarCreationTooSmall ..............................   Passed    0.02 sec
        Start  15: Parser.listFiles
 15/292 Test  #15: Parser.listFiles ........................................   Passed    0.02 sec
        Start  16: Parser.VerifyDepth
 16/292 Test  #16: Parser.VerifyDepth ......................................   Passed    0.02 sec
        Start  17: Parser.DivergingPath
 17/292 Test  #17: Parser.DivergingPath ....................................   Passed    0.02 sec
        Start  18: Parser.ParsingProtocolNameInvalid
 18/292 Test  #18: Parser.ParsingProtocolNameInvalid .......................   Passed    0.02 sec
        Start  19: ParserUsingTest.Version
 19/292 Test  #19: ParserUsingTest.Version .................................   Passed    0.00 sec
        Start  20: ParserUsingTest.BasePath
 20/292 Test  #20: ParserUsingTest.BasePath ................................   Passed    0.00 sec
        Start  21: Parser.InvalidPathInt
 21/292 Test  #21: Parser.InvalidPathInt ...................................   Passed    0.00 sec
        Start  22: Parser.VarCreation
 22/292 Test  #22: Parser.VarCreation ......................................   Passed    0.00 sec
        Start  23: Parser.VarCreationTooSmall
 23/292 Test  #23: Parser.VarCreationTooSmall ..............................   Passed    0.00 sec
        Start  24: Parser.listFiles
 24/292 Test  #24: Parser.listFiles ........................................   Passed    0.00 sec
        Start  25: Parser.VerifyDepth
 25/292 Test  #25: Parser.VerifyDepth ......................................   Passed    0.00 sec
        Start  26: Parser.DivergingPath
 26/292 Test  #26: Parser.DivergingPath ....................................   Passed    0.01 sec
        Start  27: Parser.ParsingProtocolNameInvalid
 27/292 Test  #27: Parser.ParsingProtocolNameInvalid .......................   Passed    0.00 sec
        Start  28: ObjectSerializer.ParseSimpleProtocol
 28/292 Test  #28: ObjectSerializer.ParseSimpleProtocol ....................   Passed    0.01 sec
        Start  29: ObjectSerializer.ParseSimpleProtocolVarCount
 29/292 Test  #29: ObjectSerializer.ParseSimpleProtocolVarCount ............   Passed    0.01 sec
        Start  30: ObjectSerializer.ParseSimpleProtocolVarName
 30/292 Test  #30: ObjectSerializer.ParseSimpleProtocolVarName .............   Passed    0.01 sec
        Start  31: ObjectSerializer.ParseSimpleProtocolVarSize
 31/292 Test  #31: ObjectSerializer.ParseSimpleProtocolVarSize .............   Passed    0.01 sec
        Start  32: ObjectSerializer.ParseSimpleProtocolVarExpectedValues
 32/292 Test  #32: ObjectSerializer.ParseSimpleProtocolVarExpectedValues ...   Passed    0.00 sec
        Start  33: ObjectSerializer.ParseSimpleProtocolIfaceCount
 33/292 Test  #33: ObjectSerializer.ParseSimpleProtocolIfaceCount ..........   Passed    0.01 sec
        Start  34: ObjectSerializer.ParseSimpleProtocolIfaceName
 34/292 Test  #34: ObjectSerializer.ParseSimpleProtocolIfaceName ...........   Passed    0.01 sec
        Start  35: ObjectSerializer.ParseSimpleProtocolIfaceDirection
 35/292 Test  #35: ObjectSerializer.ParseSimpleProtocolIfaceDirection ......   Passed    0.01 sec
        Start  36: ObjectSerializer.ParseSimpleProtocolIfaceVarRef
 36/292 Test  #36: ObjectSerializer.ParseSimpleProtocolIfaceVarRef .........   Passed    0.00 sec
        Start  37: ObjectSerializer.ParseSimpleProtocolServiceNoLogic
 37/292 Test  #37: ObjectSerializer.ParseSimpleProtocolServiceNoLogic ......   Passed    0.00 sec
        Start  38: ObjectSerializer.ParseProtocolWithLogicName
 38/292 Test  #38: ObjectSerializer.ParseProtocolWithLogicName .............   Passed    0.01 sec
        Start  39: ObjectSerializer.ParseSimpleProtocol
 39/292 Test  #39: ObjectSerializer.ParseSimpleProtocol ....................   Passed    0.02 sec
        Start  40: ObjectSerializer.ParseSimpleProtocolVarCount
 40/292 Test  #40: ObjectSerializer.ParseSimpleProtocolVarCount ............   Passed    0.02 sec
        Start  41: ObjectSerializer.ParseSimpleProtocolVarName
 41/292 Test  #41: ObjectSerializer.ParseSimpleProtocolVarName .............   Passed    0.02 sec
        Start  42: ObjectSerializer.ParseSimpleProtocolVarSize
 42/292 Test  #42: ObjectSerializer.ParseSimpleProtocolVarSize .............   Passed    0.02 sec
        Start  43: ObjectSerializer.ParseSimpleProtocolVarExpectedValues
 43/292 Test  #43: ObjectSerializer.ParseSimpleProtocolVarExpectedValues ...   Passed    0.02 sec
        Start  44: ObjectSerializer.ParseSimpleProtocolIfaceCount
 44/292 Test  #44: ObjectSerializer.ParseSimpleProtocolIfaceCount ..........   Passed    0.02 sec
        Start  45: ObjectSerializer.ParseSimpleProtocolIfaceName
 45/292 Test  #45: ObjectSerializer.ParseSimpleProtocolIfaceName ...........   Passed    0.02 sec
        Start  46: ObjectSerializer.ParseSimpleProtocolIfaceDirection
 46/292 Test  #46: ObjectSerializer.ParseSimpleProtocolIfaceDirection ......   Passed    0.02 sec
        Start  47: ObjectSerializer.ParseSimpleProtocolIfaceVarRef
 47/292 Test  #47: ObjectSerializer.ParseSimpleProtocolIfaceVarRef .........   Passed    0.02 sec
        Start  48: ObjectSerializer.ParseSimpleProtocolServiceNoLogic
 48/292 Test  #48: ObjectSerializer.ParseSimpleProtocolServiceNoLogic ......   Passed    0.02 sec
        Start  49: ObjectSerializer.ParseProtocolWithLogicName
 49/292 Test  #49: ObjectSerializer.ParseProtocolWithLogicName .............   Passed    0.02 sec
        Start  50: ObjectSerializer.ParseSimpleProtocol
 50/292 Test  #50: ObjectSerializer.ParseSimpleProtocol ....................   Passed    0.00 sec
        Start  51: ObjectSerializer.ParseSimpleProtocolVarCount
 51/292 Test  #51: ObjectSerializer.ParseSimpleProtocolVarCount ............   Passed    0.00 sec
        Start  52: ObjectSerializer.ParseSimpleProtocolVarName
 52/292 Test  #52: ObjectSerializer.ParseSimpleProtocolVarName .............   Passed    0.00 sec
        Start  53: ObjectSerializer.ParseSimpleProtocolVarSize
 53/292 Test  #53: ObjectSerializer.ParseSimpleProtocolVarSize .............   Passed    0.00 sec
        Start  54: ObjectSerializer.ParseSimpleProtocolVarExpectedValues
 54/292 Test  #54: ObjectSerializer.ParseSimpleProtocolVarExpectedValues ...   Passed    0.00 sec
        Start  55: ObjectSerializer.ParseSimpleProtocolIfaceCount
 55/292 Test  #55: ObjectSerializer.ParseSimpleProtocolIfaceCount ..........   Passed    0.00 sec
        Start  56: ObjectSerializer.ParseSimpleProtocolIfaceName
 56/292 Test  #56: ObjectSerializer.ParseSimpleProtocolIfaceName ...........   Passed    0.00 sec
        Start  57: ObjectSerializer.ParseSimpleProtocolIfaceDirection
 57/292 Test  #57: ObjectSerializer.ParseSimpleProtocolIfaceDirection ......   Passed    0.00 sec
        Start  58: ObjectSerializer.ParseSimpleProtocolIfaceVarRef
 58/292 Test  #58: ObjectSerializer.ParseSimpleProtocolIfaceVarRef .........   Passed    0.00 sec
        Start  59: ObjectSerializer.ParseSimpleProtocolServiceNoLogic
 59/292 Test  #59: ObjectSerializer.ParseSimpleProtocolServiceNoLogic ......   Passed    0.00 sec
        Start  60: ObjectSerializer.ParseProtocolWithLogicName
 60/292 Test  #60: ObjectSerializer.ParseProtocolWithLogicName .............   Passed    0.00 sec
        Start  61: LogicRegistry.RegisterAndCreate
 61/292 Test  #61: LogicRegistry.RegisterAndCreate .........................   Passed    0.00 sec
        Start  62: LogicRegistry.UnknownNameReturnsNull
 62/292 Test  #62: LogicRegistry.UnknownNameReturnsNull ....................   Passed    0.00 sec
        Start  63: LogicRegistry.DuplicateRegistrationRejected
 63/292 Test  #63: LogicRegistry.DuplicateRegistrationRejected .............   Passed    0.01 sec
        Start  64: LogicRegistry.EmptyNameRejected
 64/292 Test  #64: LogicRegistry.EmptyNameRejected .........................   Passed    0.00 sec
        Start  65: LogicRegistry.NullFactoryRejected
 65/292 Test  #65: LogicRegistry.NullFactoryRejected .......................   Passed    0.00 sec
        Start  66: PassthroughLogic.IsNoOp
 66/292 Test  #66: PassthroughLogic.IsNoOp .................................   Passed    0.00 sec
        Start  67: LayerContext.AdjacencyAndDefaults
 67/292 Test  #67: LayerContext.AdjacencyAndDefaults .......................   Passed    0.00 sec
        Start  68: LogicRegistry.RegisterAndCreate
 68/292 Test  #68: LogicRegistry.RegisterAndCreate .........................   Passed    0.02 sec
        Start  69: LogicRegistry.UnknownNameReturnsNull
 69/292 Test  #69: LogicRegistry.UnknownNameReturnsNull ....................   Passed    0.02 sec
        Start  70: LogicRegistry.DuplicateRegistrationRejected
 70/292 Test  #70: LogicRegistry.DuplicateRegistrationRejected .............   Passed    0.02 sec
        Start  71: LogicRegistry.EmptyNameRejected
 71/292 Test  #71: LogicRegistry.EmptyNameRejected .........................   Passed    0.02 sec
        Start  72: LogicRegistry.NullFactoryRejected
 72/292 Test  #72: LogicRegistry.NullFactoryRejected .......................   Passed    0.02 sec
        Start  73: PassthroughLogic.IsNoOp
 73/292 Test  #73: PassthroughLogic.IsNoOp .................................   Passed    0.02 sec
        Start  74: LayerContext.AdjacencyAndDefaults
 74/292 Test  #74: LayerContext.AdjacencyAndDefaults .......................   Passed    0.02 sec
        Start  75: LogicRegistry.RegisterAndCreate
 75/292 Test  #75: LogicRegistry.RegisterAndCreate .........................   Passed    0.00 sec
        Start  76: LogicRegistry.UnknownNameReturnsNull
 76/292 Test  #76: LogicRegistry.UnknownNameReturnsNull ....................   Passed    0.00 sec
        Start  77: LogicRegistry.DuplicateRegistrationRejected
 77/292 Test  #77: LogicRegistry.DuplicateRegistrationRejected .............   Passed    0.00 sec
        Start  78: LogicRegistry.EmptyNameRejected
 78/292 Test  #78: LogicRegistry.EmptyNameRejected .........................   Passed    0.00 sec
        Start  79: LogicRegistry.NullFactoryRejected
 79/292 Test  #79: LogicRegistry.NullFactoryRejected .......................   Passed    0.00 sec
        Start  80: PassthroughLogic.IsNoOp
 80/292 Test  #80: PassthroughLogic.IsNoOp .................................   Passed    0.00 sec
        Start  81: LayerContext.AdjacencyAndDefaults
 81/292 Test  #81: LayerContext.AdjacencyAndDefaults .......................   Passed    0.00 sec
        Start  82: StackBuilder.BuildsAllPassthroughStack
 82/292 Test  #82: StackBuilder.BuildsAllPassthroughStack ..................   Passed    0.01 sec
        Start  83: StackBuilder.ResolvesRegisteredLogic
 83/292 Test  #83: StackBuilder.ResolvesRegisteredLogic ....................   Passed    0.01 sec
        Start  84: StackBuilder.AdjacencyWiredBottomUp
 84/292 Test  #84: StackBuilder.AdjacencyWiredBottomUp .....................   Passed    0.01 sec
        Start  85: StackBuilder.UnknownLogicFailsBuild
 85/292 Test  #85: StackBuilder.UnknownLogicFailsBuild .....................   Passed    0.01 sec
        Start  86: StackBuilder.UnknownServiceFailsBuild
 86/292 Test  #86: StackBuilder.UnknownServiceFailsBuild ...................   Passed    0.01 sec
        Start  87: StackBuilder.BypassLogicForcesPassthrough
 87/292 Test  #87: StackBuilder.BypassLogicForcesPassthrough ...............   Passed    0.01 sec
        Start  88: StackBuilder.BypassLogicSkipsRegistryLookup
 88/292 Test  #88: StackBuilder.BypassLogicSkipsRegistryLookup .............   Passed    0.01 sec
        Start  89: StackBuilder.InvalidPathFailsBuild
 89/292 Test  #89: StackBuilder.InvalidPathFailsBuild ......................   Passed    0.01 sec
        Start  90: StackBuilder.BuildsAllPassthroughStack
 90/292 Test  #90: StackBuilder.BuildsAllPassthroughStack ..................   Passed    0.02 sec
        Start  91: StackBuilder.ResolvesRegisteredLogic
 91/292 Test  #91: StackBuilder.ResolvesRegisteredLogic ....................   Passed    0.02 sec
        Start  92: StackBuilder.AdjacencyWiredBottomUp
 92/292 Test  #92: StackBuilder.AdjacencyWiredBottomUp .....................   Passed    0.02 sec
        Start  93: StackBuilder.UnknownLogicFailsBuild
 93/292 Test  #93: StackBuilder.UnknownLogicFailsBuild .....................   Passed    0.02 sec
        Start  94: StackBuilder.UnknownServiceFailsBuild
 94/292 Test  #94: StackBuilder.UnknownServiceFailsBuild ...................   Passed    0.02 sec
        Start  95: StackBuilder.BypassLogicForcesPassthrough
 95/292 Test  #95: StackBuilder.BypassLogicForcesPassthrough ...............   Passed    0.02 sec
        Start  96: StackBuilder.BypassLogicSkipsRegistryLookup
 96/292 Test  #96: StackBuilder.BypassLogicSkipsRegistryLookup .............   Passed    0.02 sec
        Start  97: StackBuilder.InvalidPathFailsBuild
 97/292 Test  #97: StackBuilder.InvalidPathFailsBuild ......................   Passed    0.02 sec
        Start  98: StackBuilder.BuildsAllPassthroughStack
 98/292 Test  #98: StackBuilder.BuildsAllPassthroughStack ..................   Passed    0.00 sec
        Start  99: StackBuilder.ResolvesRegisteredLogic
 99/292 Test  #99: StackBuilder.ResolvesRegisteredLogic ....................   Passed    0.00 sec
        Start 100: StackBuilder.AdjacencyWiredBottomUp
100/292 Test #100: StackBuilder.AdjacencyWiredBottomUp .....................   Passed    0.01 sec
        Start 101: StackBuilder.UnknownLogicFailsBuild
101/292 Test #101: StackBuilder.UnknownLogicFailsBuild .....................   Passed    0.00 sec
        Start 102: StackBuilder.UnknownServiceFailsBuild
102/292 Test #102: StackBuilder.UnknownServiceFailsBuild ...................   Passed    0.00 sec
        Start 103: StackBuilder.BypassLogicForcesPassthrough
103/292 Test #103: StackBuilder.BypassLogicForcesPassthrough ...............   Passed    0.00 sec
        Start 104: StackBuilder.BypassLogicSkipsRegistryLookup
104/292 Test #104: StackBuilder.BypassLogicSkipsRegistryLookup .............   Passed    0.00 sec
        Start 105: StackBuilder.InvalidPathFailsBuild
105/292 Test #105: StackBuilder.InvalidPathFailsBuild ......................   Passed    0.00 sec
        Start 106: Validator.ConformingFilePasses
106/292 Test #106: Validator.ConformingFilePasses ..........................   Passed    0.01 sec
        Start 107: Validator.ForeignTopLevelKeyRejected
107/292 Test #107: Validator.ForeignTopLevelKeyRejected ....................   Passed    0.00 sec
        Start 108: Validator.MissingServiceRejected
108/292 Test #108: Validator.MissingServiceRejected ........................   Passed    0.00 sec
        Start 109: Validator.OversizeFieldRejected
109/292 Test #109: Validator.OversizeFieldRejected .........................   Passed    0.01 sec
        Start 110: Validator.BadDirectionRejected
110/292 Test #110: Validator.BadDirectionRejected ..........................   Passed    0.00 sec
        Start 111: Validator.ServiceWithoutVarsOrEntitiesRejected
111/292 Test #111: Validator.ServiceWithoutVarsOrEntitiesRejected ..........   Passed    0.01 sec
        Start 112: Validator.FindingsCarryLineNumbers
112/292 Test #112: Validator.FindingsCarryLineNumbers ......................   Passed    0.00 sec
        Start 113: Validator.MissingDirectoryReported
113/292 Test #113: Validator.MissingDirectoryReported ......................   Passed    0.00 sec
        Start 114: Validator.ConformingFilePasses
114/292 Test #114: Validator.ConformingFilePasses ..........................   Passed    0.02 sec
        Start 115: Validator.ForeignTopLevelKeyRejected
115/292 Test #115: Validator.ForeignTopLevelKeyRejected ....................   Passed    0.02 sec
        Start 116: Validator.MissingServiceRejected
116/292 Test #116: Validator.MissingServiceRejected ........................   Passed    0.02 sec
        Start 117: Validator.OversizeFieldRejected
117/292 Test #117: Validator.OversizeFieldRejected .........................   Passed    0.02 sec
        Start 118: Validator.BadDirectionRejected
118/292 Test #118: Validator.BadDirectionRejected ..........................   Passed    0.02 sec
        Start 119: Validator.ServiceWithoutVarsOrEntitiesRejected
119/292 Test #119: Validator.ServiceWithoutVarsOrEntitiesRejected ..........   Passed    0.02 sec
        Start 120: Validator.FindingsCarryLineNumbers
120/292 Test #120: Validator.FindingsCarryLineNumbers ......................   Passed    0.02 sec
        Start 121: Validator.MissingDirectoryReported
121/292 Test #121: Validator.MissingDirectoryReported ......................   Passed    0.02 sec
        Start 122: Validator.ConformingFilePasses
122/292 Test #122: Validator.ConformingFilePasses ..........................   Passed    0.00 sec
        Start 123: Validator.ForeignTopLevelKeyRejected
123/292 Test #123: Validator.ForeignTopLevelKeyRejected ....................   Passed    0.00 sec
        Start 124: Validator.MissingServiceRejected
124/292 Test #124: Validator.MissingServiceRejected ........................   Passed    0.00 sec
        Start 125: Validator.OversizeFieldRejected
125/292 Test #125: Validator.OversizeFieldRejected .........................   Passed    0.00 sec
        Start 126: Validator.BadDirectionRejected
126/292 Test #126: Validator.BadDirectionRejected ..........................   Passed    0.00 sec
        Start 127: Validator.ServiceWithoutVarsOrEntitiesRejected
127/292 Test #127: Validator.ServiceWithoutVarsOrEntitiesRejected ..........   Passed    0.00 sec
        Start 128: Validator.FindingsCarryLineNumbers
128/292 Test #128: Validator.FindingsCarryLineNumbers ......................   Passed    0.00 sec
        Start 129: Validator.MissingDirectoryReported
129/292 Test #129: Validator.MissingDirectoryReported ......................   Passed    0.00 sec
        Start 130: HelloTest.BasicAssertions
130/292 Test #130: HelloTest.BasicAssertions ...............................   Passed    0.00 sec
        Start 131: EthernetFrameLogic.RegisteredUnderExpectedName
131/292 Test #131: EthernetFrameLogic.RegisteredUnderExpectedName ..........   Passed    0.00 sec
        Start 132: EthernetFrameLogic.BoundByStackBuilder
132/292 Test #132: EthernetFrameLogic.BoundByStackBuilder ..................   Passed    0.00 sec
        Start 133: EthernetFrameLogic.BypassLogicSwapsInPassthrough
133/292 Test #133: EthernetFrameLogic.BypassLogicSwapsInPassthrough ........   Passed    0.00 sec
        Start 134: EthernetFrameLogic.EncodeDecodeCountersAdvance
134/292 Test #134: EthernetFrameLogic.EncodeDecodeCountersAdvance ..........   Passed    0.00 sec
        Start 135: EthernetFrameLogic.NextLayerDefaults1722
135/292 Test #135: EthernetFrameLogic.NextLayerDefaults1722 ................   Passed    0.00 sec
        Start 136: StackCodec.FrameHasExpectedSize
136/292 Test #136: StackCodec.FrameHasExpectedSize .........................   Passed    0.01 sec
        Start 137: StackCodec.DerivedFieldsAreValid
137/292 Test #137: StackCodec.DerivedFieldsAreValid ........................   Passed    0.01 sec
        Start 138: StackCodec.CommandStatusForcedToZero
138/292 Test #138: StackCodec.CommandStatusForcedToZero ....................   Passed    0.03 sec
        Start 139: StackCodec.DecodeRoundTripsFields
139/292 Test #139: StackCodec.DecodeRoundTripsFields .......................   Passed    0.01 sec
        Start 140: StackCodec.DeterministicForFixedSeed
140/292 Test #140: StackCodec.DeterministicForFixedSeed ....................   Passed    0.01 sec
        Start 141: TrafficGenTest.EmptyInterfaceProducesEmptyPacket
141/292 Test #141: TrafficGenTest.EmptyInterfaceProducesEmptyPacket ........   Passed    0.01 sec
        Start 142: TrafficGenTest.SimpleVarProducesOneByte
142/292 Test #142: TrafficGenTest.SimpleVarProducesOneByte .................   Passed    0.01 sec
        Start 143: TrafficGenTest.SimpleVarValueInExpectedSet
143/292 Test #143: TrafficGenTest.SimpleVarValueInExpectedSet ..............   Passed    0.01 sec
        Start 144: TrafficGenTest.DeterministicWithSameSeed
144/292 Test #144: TrafficGenTest.DeterministicWithSameSeed ................   Passed    0.01 sec
        Start 145: TrafficGenTest.DifferentSeedsDifferentPackets
145/292 Test #145: TrafficGenTest.DifferentSeedsDifferentPackets ...........   Passed    0.01 sec
        Start 146: TrafficGenTest.OpenClose
146/292 Test #146: TrafficGenTest.OpenClose ................................   Passed    0.01 sec
        Start 147: TrafficGenTest.SendNamedInterface
147/292 Test #147: TrafficGenTest.SendNamedInterface .......................   Passed    0.01 sec
        Start 148: TrafficGenTest.SendUnknownInterfaceReturnsError
148/292 Test #148: TrafficGenTest.SendUnknownInterfaceReturnsError .........   Passed    0.01 sec
        Start 149: TrafficGenTest.SendAllSendsOnePacketPerInterface
149/292 Test #149: TrafficGenTest.SendAllSendsOnePacketPerInterface ........   Passed    0.01 sec
        Start 150: TrafficGenTest.SendFilteredInDirection
150/292 Test #150: TrafficGenTest.SendFilteredInDirection ..................   Passed    0.01 sec
        Start 151: TrafficGenTest.SendFilteredOutDirectionProducesNone
151/292 Test #151: TrafficGenTest.SendFilteredOutDirectionProducesNone .....   Passed    0.01 sec
        Start 152: TrafficGenTest.SendLoopProducesNPackets
152/292 Test #152: TrafficGenTest.SendLoopProducesNPackets .................   Passed    0.01 sec
        Start 153: TrafficGenTest.SendWithoutOpenReturnsNotOpen
153/292 Test #153: TrafficGenTest.SendWithoutOpenReturnsNotOpen ............   Passed    0.01 sec
        Start 154: VerilatorSenderBeat.FullBeat
154/292 Test #154: VerilatorSenderBeat.FullBeat ............................   Passed    0.01 sec
        Start 155: VerilatorSenderBeat.PartialLastBeat
155/292 Test #155: VerilatorSenderBeat.PartialLastBeat .....................   Passed    0.01 sec
        Start 156: WideField.Emits512BitFieldWithoutUB
156/292 Test #156: WideField.Emits512BitFieldWithoutUB .....................   Passed    0.01 sec
        Start 157: TrafficGenTest.EmptyInterfaceProducesEmptyPacket
157/292 Test #157: TrafficGenTest.EmptyInterfaceProducesEmptyPacket ........   Passed    0.02 sec
        Start 158: TrafficGenTest.SimpleVarProducesOneByte
158/292 Test #158: TrafficGenTest.SimpleVarProducesOneByte .................   Passed    0.02 sec
        Start 159: TrafficGenTest.SimpleVarValueInExpectedSet
159/292 Test #159: TrafficGenTest.SimpleVarValueInExpectedSet ..............   Passed    0.02 sec
        Start 160: TrafficGenTest.DeterministicWithSameSeed
160/292 Test #160: TrafficGenTest.DeterministicWithSameSeed ................   Passed    0.02 sec
        Start 161: TrafficGenTest.DifferentSeedsDifferentPackets
161/292 Test #161: TrafficGenTest.DifferentSeedsDifferentPackets ...........   Passed    0.02 sec
        Start 162: TrafficGenTest.OpenClose
162/292 Test #162: TrafficGenTest.OpenClose ................................   Passed    0.02 sec
        Start 163: TrafficGenTest.SendNamedInterface
163/292 Test #163: TrafficGenTest.SendNamedInterface .......................   Passed    0.02 sec
        Start 164: TrafficGenTest.SendUnknownInterfaceReturnsError
164/292 Test #164: TrafficGenTest.SendUnknownInterfaceReturnsError .........   Passed    0.02 sec
        Start 165: TrafficGenTest.SendAllSendsOnePacketPerInterface
165/292 Test #165: TrafficGenTest.SendAllSendsOnePacketPerInterface ........   Passed    0.02 sec
        Start 166: TrafficGenTest.SendFilteredInDirection
166/292 Test #166: TrafficGenTest.SendFilteredInDirection ..................   Passed    0.02 sec
        Start 167: TrafficGenTest.SendFilteredOutDirectionProducesNone
167/292 Test #167: TrafficGenTest.SendFilteredOutDirectionProducesNone .....   Passed    0.02 sec
        Start 168: TrafficGenTest.SendLoopProducesNPackets
168/292 Test #168: TrafficGenTest.SendLoopProducesNPackets .................   Passed    0.02 sec
        Start 169: TrafficGenTest.SendWithoutOpenReturnsNotOpen
169/292 Test #169: TrafficGenTest.SendWithoutOpenReturnsNotOpen ............   Passed    0.02 sec
        Start 170: VerilatorSenderBeat.FullBeat
170/292 Test #170: VerilatorSenderBeat.FullBeat ............................   Passed    0.02 sec
        Start 171: VerilatorSenderBeat.PartialLastBeat
171/292 Test #171: VerilatorSenderBeat.PartialLastBeat .....................   Passed    0.02 sec
        Start 172: WideField.Emits512BitFieldWithoutUB
172/292 Test #172: WideField.Emits512BitFieldWithoutUB .....................   Passed    0.02 sec
        Start 173: TrafficGenTest.EmptyInterfaceProducesEmptyPacket
173/292 Test #173: TrafficGenTest.EmptyInterfaceProducesEmptyPacket ........   Passed    0.00 sec
        Start 174: TrafficGenTest.SimpleVarProducesOneByte
174/292 Test #174: TrafficGenTest.SimpleVarProducesOneByte .................   Passed    0.01 sec
        Start 175: TrafficGenTest.SimpleVarValueInExpectedSet
175/292 Test #175: TrafficGenTest.SimpleVarValueInExpectedSet ..............   Passed    0.00 sec
        Start 176: TrafficGenTest.DeterministicWithSameSeed
176/292 Test #176: TrafficGenTest.DeterministicWithSameSeed ................   Passed    0.00 sec
        Start 177: TrafficGenTest.DifferentSeedsDifferentPackets
177/292 Test #177: TrafficGenTest.DifferentSeedsDifferentPackets ...........   Passed    0.01 sec
        Start 178: TrafficGenTest.OpenClose
178/292 Test #178: TrafficGenTest.OpenClose ................................   Passed    0.00 sec
        Start 179: TrafficGenTest.SendNamedInterface
179/292 Test #179: TrafficGenTest.SendNamedInterface .......................   Passed    0.00 sec
        Start 180: TrafficGenTest.SendUnknownInterfaceReturnsError
180/292 Test #180: TrafficGenTest.SendUnknownInterfaceReturnsError .........   Passed    0.00 sec
        Start 181: TrafficGenTest.SendAllSendsOnePacketPerInterface
181/292 Test #181: TrafficGenTest.SendAllSendsOnePacketPerInterface ........   Passed    0.00 sec
        Start 182: TrafficGenTest.SendFilteredInDirection
182/292 Test #182: TrafficGenTest.SendFilteredInDirection ..................   Passed    0.00 sec
        Start 183: TrafficGenTest.SendFilteredOutDirectionProducesNone
183/292 Test #183: TrafficGenTest.SendFilteredOutDirectionProducesNone .....   Passed    0.00 sec
        Start 184: TrafficGenTest.SendLoopProducesNPackets
184/292 Test #184: TrafficGenTest.SendLoopProducesNPackets .................   Passed    0.00 sec
        Start 185: TrafficGenTest.SendWithoutOpenReturnsNotOpen
185/292 Test #185: TrafficGenTest.SendWithoutOpenReturnsNotOpen ............   Passed    0.00 sec
        Start 186: VerilatorSenderBeat.FullBeat
186/292 Test #186: VerilatorSenderBeat.FullBeat ............................   Passed    0.00 sec
        Start 187: VerilatorSenderBeat.PartialLastBeat
187/292 Test #187: VerilatorSenderBeat.PartialLastBeat .....................   Passed    0.00 sec
        Start 188: WideField.Emits512BitFieldWithoutUB
188/292 Test #188: WideField.Emits512BitFieldWithoutUB .....................   Passed    0.00 sec
        Start 189: AdpFuzzTest.VarCount
189/292 Test #189: AdpFuzzTest.VarCount ....................................   Passed    0.01 sec
        Start 190: AdpFuzzTest.MessageTypeConstraints
190/292 Test #190: AdpFuzzTest.MessageTypeConstraints ......................   Passed    0.01 sec
        Start 191: AdpFuzzTest.ValidTimeRangeConstraint
191/292 Test #191: AdpFuzzTest.ValidTimeRangeConstraint ....................   Passed    0.01 sec
        Start 192: AdpFuzzTest.ControlDataLengthFixed
192/292 Test #192: AdpFuzzTest.ControlDataLengthFixed ......................   Passed    0.01 sec
        Start 193: AdpFuzzTest.TalkerCapabilitiesMask
193/292 Test #193: AdpFuzzTest.TalkerCapabilitiesMask ......................   Passed    0.01 sec
        Start 194: AdpFuzzTest.ListenerCapabilitiesMask
194/292 Test #194: AdpFuzzTest.ListenerCapabilitiesMask ....................   Passed    0.01 sec
        Start 195: AdpFuzzTest.ControllerCapabilitiesMask
195/292 Test #195: AdpFuzzTest.ControllerCapabilitiesMask ..................   Passed    0.01 sec
        Start 196: AdpFuzzTest.ReservedFieldsAreFixed
196/292 Test #196: AdpFuzzTest.ReservedFieldsAreFixed ......................   Passed    0.01 sec
        Start 197: AdpFuzzTest.InterfaceCount
197/292 Test #197: AdpFuzzTest.InterfaceCount ..............................   Passed    0.01 sec
        Start 198: AdpFuzzTest.IfDataDirection
198/292 Test #198: AdpFuzzTest.IfDataDirection .............................   Passed    0.01 sec
        Start 199: AdpFuzzTest.IfDataHas20VarRefs
199/292 Test #199: AdpFuzzTest.IfDataHas20VarRefs ..........................   Passed    0.01 sec
        Start 200: AdpFuzzTest.IfDataFirstVarRefIsMessageType
200/292 Test #200: AdpFuzzTest.IfDataFirstVarRefIsMessageType ..............   Passed    0.01 sec
        Start 201: AdpFuzzTest.IfDataLastVarRefIsReserved1
201/292 Test #201: AdpFuzzTest.IfDataLastVarRefIsReserved1 .................   Passed    0.01 sec
        Start 202: AdpFuzzTest.FullAdpPacketIs67Bytes
202/292 Test #202: AdpFuzzTest.FullAdpPacketIs67Bytes ......................   Passed    0.01 sec
        Start 203: AdpFuzzTest.MessageTypeAlwaysValid
203/292 Test #203: AdpFuzzTest.MessageTypeAlwaysValid ......................   Passed    0.01 sec
        Start 204: AdpFuzzTest.ValidTimeAlwaysInRange
204/292 Test #204: AdpFuzzTest.ValidTimeAlwaysInRange ......................   Passed    0.01 sec
        Start 205: AdpFuzzTest.ControlDataLengthAlways56
205/292 Test #205: AdpFuzzTest.ControlDataLengthAlways56 ...................   Passed    0.01 sec
        Start 206: AdpFuzzTest.TalkerCapsRespectMask
206/292 Test #206: AdpFuzzTest.TalkerCapsRespectMask .......................   Passed    0.01 sec
        Start 207: AdpFuzzTest.ListenerCapsRespectMask
207/292 Test #207: AdpFuzzTest.ListenerCapsRespectMask .....................   Passed    0.01 sec
        Start 208: AdpFuzzTest.ControllerCapsRespectMask
208/292 Test #208: AdpFuzzTest.ControllerCapsRespectMask ...................   Passed    0.01 sec
        Start 209: AdpFuzzTest.ReservedFieldsAlwaysZero
209/292 Test #209: AdpFuzzTest.ReservedFieldsAlwaysZero ....................   Passed    0.01 sec
        Start 210: AdpFuzzTest.AvailableIndexAlwaysValid
210/292 Test #210: AdpFuzzTest.AvailableIndexAlwaysValid ...................   Passed    0.01 sec
        Start 211: AdpFuzzTest.VarCount
211/292 Test #211: AdpFuzzTest.VarCount ....................................   Passed    0.02 sec
        Start 212: AdpFuzzTest.MessageTypeConstraints
212/292 Test #212: AdpFuzzTest.MessageTypeConstraints ......................   Passed    0.02 sec
        Start 213: AdpFuzzTest.ValidTimeRangeConstraint
213/292 Test #213: AdpFuzzTest.ValidTimeRangeConstraint ....................   Passed    0.02 sec
        Start 214: AdpFuzzTest.ControlDataLengthFixed
214/292 Test #214: AdpFuzzTest.ControlDataLengthFixed ......................   Passed    0.02 sec
        Start 215: AdpFuzzTest.TalkerCapabilitiesMask
215/292 Test #215: AdpFuzzTest.TalkerCapabilitiesMask ......................   Passed    0.02 sec
        Start 216: AdpFuzzTest.ListenerCapabilitiesMask
216/292 Test #216: AdpFuzzTest.ListenerCapabilitiesMask ....................   Passed    0.02 sec
        Start 217: AdpFuzzTest.ControllerCapabilitiesMask
217/292 Test #217: AdpFuzzTest.ControllerCapabilitiesMask ..................   Passed    0.02 sec
        Start 218: AdpFuzzTest.ReservedFieldsAreFixed
218/292 Test #218: AdpFuzzTest.ReservedFieldsAreFixed ......................   Passed    0.02 sec
        Start 219: AdpFuzzTest.InterfaceCount
219/292 Test #219: AdpFuzzTest.InterfaceCount ..............................   Passed    0.02 sec
        Start 220: AdpFuzzTest.IfDataDirection
220/292 Test #220: AdpFuzzTest.IfDataDirection .............................   Passed    0.02 sec
        Start 221: AdpFuzzTest.IfDataHas20VarRefs
221/292 Test #221: AdpFuzzTest.IfDataHas20VarRefs ..........................   Passed    0.02 sec
        Start 222: AdpFuzzTest.IfDataFirstVarRefIsMessageType
222/292 Test #222: AdpFuzzTest.IfDataFirstVarRefIsMessageType ..............   Passed    0.02 sec
        Start 223: AdpFuzzTest.IfDataLastVarRefIsReserved1
223/292 Test #223: AdpFuzzTest.IfDataLastVarRefIsReserved1 .................   Passed    0.02 sec
        Start 224: AdpFuzzTest.FullAdpPacketIs67Bytes
224/292 Test #224: AdpFuzzTest.FullAdpPacketIs67Bytes ......................   Passed    0.03 sec
        Start 225: AdpFuzzTest.MessageTypeAlwaysValid
225/292 Test #225: AdpFuzzTest.MessageTypeAlwaysValid ......................   Passed    0.02 sec
        Start 226: AdpFuzzTest.ValidTimeAlwaysInRange
226/292 Test #226: AdpFuzzTest.ValidTimeAlwaysInRange ......................   Passed    0.03 sec
        Start 227: AdpFuzzTest.ControlDataLengthAlways56
227/292 Test #227: AdpFuzzTest.ControlDataLengthAlways56 ...................   Passed    0.02 sec
        Start 228: AdpFuzzTest.TalkerCapsRespectMask
228/292 Test #228: AdpFuzzTest.TalkerCapsRespectMask .......................   Passed    0.03 sec
        Start 229: AdpFuzzTest.ListenerCapsRespectMask
229/292 Test #229: AdpFuzzTest.ListenerCapsRespectMask .....................   Passed    0.03 sec
        Start 230: AdpFuzzTest.ControllerCapsRespectMask
230/292 Test #230: AdpFuzzTest.ControllerCapsRespectMask ...................   Passed    0.03 sec
        Start 231: AdpFuzzTest.ReservedFieldsAlwaysZero
231/292 Test #231: AdpFuzzTest.ReservedFieldsAlwaysZero ....................   Passed    0.02 sec
        Start 232: AdpFuzzTest.AvailableIndexAlwaysValid
232/292 Test #232: AdpFuzzTest.AvailableIndexAlwaysValid ...................   Passed    0.02 sec
        Start 233: AdpFuzzTest.VarCount
233/292 Test #233: AdpFuzzTest.VarCount ....................................   Passed    0.01 sec
        Start 234: AdpFuzzTest.MessageTypeConstraints
234/292 Test #234: AdpFuzzTest.MessageTypeConstraints ......................   Passed    0.01 sec
        Start 235: AdpFuzzTest.ValidTimeRangeConstraint
235/292 Test #235: AdpFuzzTest.ValidTimeRangeConstraint ....................   Passed    0.01 sec
        Start 236: AdpFuzzTest.ControlDataLengthFixed
236/292 Test #236: AdpFuzzTest.ControlDataLengthFixed ......................   Passed    0.00 sec
        Start 237: AdpFuzzTest.TalkerCapabilitiesMask
237/292 Test #237: AdpFuzzTest.TalkerCapabilitiesMask ......................   Passed    0.00 sec
        Start 238: AdpFuzzTest.ListenerCapabilitiesMask
238/292 Test #238: AdpFuzzTest.ListenerCapabilitiesMask ....................   Passed    0.00 sec
        Start 239: AdpFuzzTest.ControllerCapabilitiesMask
239/292 Test #239: AdpFuzzTest.ControllerCapabilitiesMask ..................   Passed    0.00 sec
        Start 240: AdpFuzzTest.ReservedFieldsAreFixed
240/292 Test #240: AdpFuzzTest.ReservedFieldsAreFixed ......................   Passed    0.00 sec
        Start 241: AdpFuzzTest.InterfaceCount
241/292 Test #241: AdpFuzzTest.InterfaceCount ..............................   Passed    0.00 sec
        Start 242: AdpFuzzTest.IfDataDirection
242/292 Test #242: AdpFuzzTest.IfDataDirection .............................   Passed    0.00 sec
        Start 243: AdpFuzzTest.IfDataHas20VarRefs
243/292 Test #243: AdpFuzzTest.IfDataHas20VarRefs ..........................   Passed    0.00 sec
        Start 244: AdpFuzzTest.IfDataFirstVarRefIsMessageType
244/292 Test #244: AdpFuzzTest.IfDataFirstVarRefIsMessageType ..............   Passed    0.00 sec
        Start 245: AdpFuzzTest.IfDataLastVarRefIsReserved1
245/292 Test #245: AdpFuzzTest.IfDataLastVarRefIsReserved1 .................   Passed    0.01 sec
        Start 246: AdpFuzzTest.FullAdpPacketIs67Bytes
246/292 Test #246: AdpFuzzTest.FullAdpPacketIs67Bytes ......................   Passed    0.01 sec
        Start 247: AdpFuzzTest.MessageTypeAlwaysValid
247/292 Test #247: AdpFuzzTest.MessageTypeAlwaysValid ......................   Passed    0.01 sec
        Start 248: AdpFuzzTest.ValidTimeAlwaysInRange
248/292 Test #248: AdpFuzzTest.ValidTimeAlwaysInRange ......................   Passed    0.01 sec
        Start 249: AdpFuzzTest.ControlDataLengthAlways56
249/292 Test #249: AdpFuzzTest.ControlDataLengthAlways56 ...................   Passed    0.00 sec
        Start 250: AdpFuzzTest.TalkerCapsRespectMask
250/292 Test #250: AdpFuzzTest.TalkerCapsRespectMask .......................   Passed    0.01 sec
        Start 251: AdpFuzzTest.ListenerCapsRespectMask
251/292 Test #251: AdpFuzzTest.ListenerCapsRespectMask .....................   Passed    0.01 sec
        Start 252: AdpFuzzTest.ControllerCapsRespectMask
252/292 Test #252: AdpFuzzTest.ControllerCapsRespectMask ...................   Passed    0.01 sec
        Start 253: AdpFuzzTest.ReservedFieldsAlwaysZero
253/292 Test #253: AdpFuzzTest.ReservedFieldsAlwaysZero ....................   Passed    0.01 sec
        Start 254: AdpFuzzTest.AvailableIndexAlwaysValid
254/292 Test #254: AdpFuzzTest.AvailableIndexAlwaysValid ...................   Passed    0.01 sec
        Start 255: PtpFlags.SyncModelPermitsOnlyTwoStepFlag
255/292 Test #255: PtpFlags.SyncModelPermitsOnlyTwoStepFlag ................   Passed    0.02 sec
        Start 256: PtpFlags.FollowUpModelPermitsOnlyAllFlagsClear
256/292 Test #256: PtpFlags.FollowUpModelPermitsOnlyAllFlagsClear ..........   Passed    0.02 sec
        Start 257: PtpFlags.PdelayModelsKeepTheirStrictFlags
257/292 Test #257: PtpFlags.PdelayModelsKeepTheirStrictFlags ...............   Passed    0.02 sec
        Start 258: PtpFlags.NoMediaDependentModelPermitsPtpTimescale
258/292 Test #258: PtpFlags.NoMediaDependentModelPermitsPtpTimescale .......   Passed    0.02 sec
        Start 259: PtpFlags.GeneratedSyncFramesCarryTwoStepFlagOnly
259/292 Test #259: PtpFlags.GeneratedSyncFramesCarryTwoStepFlagOnly ........   Passed    0.03 sec
        Start 260: PtpFlags.GeneratedFollowUpFramesCarryNoFlags
260/292 Test #260: PtpFlags.GeneratedFollowUpFramesCarryNoFlags ............   Passed    0.03 sec
        Start 261: PtpFlags.GeneratedPdelayFramesKeepTheirStrictFlags
261/292 Test #261: PtpFlags.GeneratedPdelayFramesKeepTheirStrictFlags ......   Passed    0.05 sec
        Start 262: PtpFlags.GeneratedFramesMatchTheirModelsFlags
262/292 Test #262: PtpFlags.GeneratedFramesMatchTheirModelsFlags ...........   Passed    0.06 sec
        Start 263: PtpFlags.DecoderRecoversOutOfProfileFlagsVerbatim
263/292 Test #263: PtpFlags.DecoderRecoversOutOfProfileFlagsVerbatim .......   Passed    0.02 sec
        Start 264: PtpFlags.DecodingDoesNotApplyTheTransmitConstraint
264/292 Test #264: PtpFlags.DecodingDoesNotApplyTheTransmitConstraint ......   Passed    0.02 sec
        Start 265: PtpFlags.SyncModelPermitsOnlyTwoStepFlag
265/292 Test #265: PtpFlags.SyncModelPermitsOnlyTwoStepFlag ................   Passed    0.05 sec
        Start 266: PtpFlags.FollowUpModelPermitsOnlyAllFlagsClear
266/292 Test #266: PtpFlags.FollowUpModelPermitsOnlyAllFlagsClear ..........   Passed    0.05 sec
        Start 267: PtpFlags.PdelayModelsKeepTheirStrictFlags
267/292 Test #267: PtpFlags.PdelayModelsKeepTheirStrictFlags ...............   Passed    0.05 sec
        Start 268: PtpFlags.NoMediaDependentModelPermitsPtpTimescale
268/292 Test #268: PtpFlags.NoMediaDependentModelPermitsPtpTimescale .......   Passed    0.05 sec
        Start 269: PtpFlags.GeneratedSyncFramesCarryTwoStepFlagOnly
269/292 Test #269: PtpFlags.GeneratedSyncFramesCarryTwoStepFlagOnly ........   Passed    0.06 sec
        Start 270: PtpFlags.GeneratedFollowUpFramesCarryNoFlags
270/292 Test #270: PtpFlags.GeneratedFollowUpFramesCarryNoFlags ............   Passed    0.07 sec
        Start 271: PtpFlags.GeneratedPdelayFramesKeepTheirStrictFlags
271/292 Test #271: PtpFlags.GeneratedPdelayFramesKeepTheirStrictFlags ......   Passed    0.11 sec
        Start 272: PtpFlags.GeneratedFramesMatchTheirModelsFlags
272/292 Test #272: PtpFlags.GeneratedFramesMatchTheirModelsFlags ...........   Passed    0.14 sec
        Start 273: PtpFlags.DecoderRecoversOutOfProfileFlagsVerbatim
273/292 Test #273: PtpFlags.DecoderRecoversOutOfProfileFlagsVerbatim .......   Passed    0.05 sec
        Start 274: PtpFlags.DecodingDoesNotApplyTheTransmitConstraint
274/292 Test #274: PtpFlags.DecodingDoesNotApplyTheTransmitConstraint ......   Passed    0.05 sec
        Start 275: PtpFlags.SyncModelPermitsOnlyTwoStepFlag
275/292 Test #275: PtpFlags.SyncModelPermitsOnlyTwoStepFlag ................   Passed    0.01 sec
        Start 276: PtpFlags.FollowUpModelPermitsOnlyAllFlagsClear
276/292 Test #276: PtpFlags.FollowUpModelPermitsOnlyAllFlagsClear ..........   Passed    0.01 sec
        Start 277: PtpFlags.PdelayModelsKeepTheirStrictFlags
277/292 Test #277: PtpFlags.PdelayModelsKeepTheirStrictFlags ...............   Passed    0.01 sec
        Start 278: PtpFlags.NoMediaDependentModelPermitsPtpTimescale
278/292 Test #278: PtpFlags.NoMediaDependentModelPermitsPtpTimescale .......   Passed    0.01 sec
        Start 279: PtpFlags.GeneratedSyncFramesCarryTwoStepFlagOnly
279/292 Test #279: PtpFlags.GeneratedSyncFramesCarryTwoStepFlagOnly ........   Passed    0.02 sec
        Start 280: PtpFlags.GeneratedFollowUpFramesCarryNoFlags
280/292 Test #280: PtpFlags.GeneratedFollowUpFramesCarryNoFlags ............   Passed    0.02 sec
        Start 281: PtpFlags.GeneratedPdelayFramesKeepTheirStrictFlags
281/292 Test #281: PtpFlags.GeneratedPdelayFramesKeepTheirStrictFlags ......   Passed    0.04 sec
        Start 282: PtpFlags.GeneratedFramesMatchTheirModelsFlags
282/292 Test #282: PtpFlags.GeneratedFramesMatchTheirModelsFlags ...........   Passed    0.04 sec
        Start 283: PtpFlags.DecoderRecoversOutOfProfileFlagsVerbatim
283/292 Test #283: PtpFlags.DecoderRecoversOutOfProfileFlagsVerbatim .......   Passed    0.01 sec
        Start 284: PtpFlags.DecodingDoesNotApplyTheTransmitConstraint
284/292 Test #284: PtpFlags.DecodingDoesNotApplyTheTransmitConstraint ......   Passed    0.01 sec
        Start 285: corpus_validates
285/292 Test #285: corpus_validates ........................................   Passed    0.01 sec
        Start 286: sanitizer_probe-test.clean
286/292 Test #286: sanitizer_probe-test.clean ..............................   Passed    0.00 sec
        Start 287: sanitizer_probe-test_ASAN.clean
287/292 Test #287: sanitizer_probe-test_ASAN.clean .........................   Passed    0.01 sec
        Start 288: sanitizer_probe-test_UBSAN.clean
288/292 Test #288: sanitizer_probe-test_UBSAN.clean ........................   Passed    0.00 sec
        Start 289: sanitizer_probe-test_ASAN.library-heap-overflow
289/292 Test #289: sanitizer_probe-test_ASAN.library-heap-overflow .........   Passed    0.02 sec
        Start 290: sanitizer_probe-test_ASAN.consumer-heap-overflow
290/292 Test #290: sanitizer_probe-test_ASAN.consumer-heap-overflow ........   Passed    0.02 sec
        Start 291: sanitizer_probe-test_UBSAN.library-signed-overflow
291/292 Test #291: sanitizer_probe-test_UBSAN.library-signed-overflow ......   Passed    0.01 sec
        Start 292: sanitizer_probe-test_UBSAN.consumer-signed-overflow
292/292 Test #292: sanitizer_probe-test_UBSAN.consumer-signed-overflow .....   Passed    0.01 sec

100% tests passed out of 292

Total Test time (real) =   3.82 sec
