[  1%] Building CXX object external/googletest/googletest/CMakeFiles/gtest.dir/src/gtest-all.cc.o
[  2%] Building CXX object external/rapidyaml/CMakeFiles/ryml.dir/src/c4/yml/node.cpp.o
[  2%] Building CXX object external/rapidyaml/CMakeFiles/ryml.dir/src/c4/yml/common.cpp.o
[  2%] Building CXX object external/rapidyaml/CMakeFiles/ryml.dir/src/c4/yml/node_type.cpp.o
[  3%] Building CXX object tests/sanitizer/CMakeFiles/sanitizer_probe.dir/sanitizer_probe_lib.cpp.o
[  3%] Building CXX object external/rapidyaml/subprojects/c4core/build/CMakeFiles/c4core.dir/src/c4/base64.cpp.o
[  3%] Building CXX object tests/sanitizer/CMakeFiles/sanitizer_probe_ubsan.dir/sanitizer_probe_lib.cpp.o
[  3%] Building CXX object tests/sanitizer/CMakeFiles/sanitizer_probe_asan.dir/sanitizer_probe_lib.cpp.o
[  3%] Linking CXX shared library libsanitizer_probe.so
[  4%] Linking CXX shared library libsanitizer_probe_ubsan.so
[  5%] Linking CXX shared library libsanitizer_probe_asan.so
[  5%] Built target sanitizer_probe
[  5%] Built target sanitizer_probe_ubsan
[  5%] Built target sanitizer_probe_asan
[  6%] Building CXX object external/rapidyaml/CMakeFiles/ryml.dir/src/c4/yml/parse.cpp.o
[  7%] Building CXX object external/rapidyaml/subprojects/c4core/build/CMakeFiles/c4core.dir/src/c4/char_traits.cpp.o
[  8%] Building CXX object tests/sanitizer/CMakeFiles/sanitizer_probe-test.dir/sanitizer_probe_test.cpp.o
[  9%] Building CXX object external/rapidyaml/subprojects/c4core/build/CMakeFiles/c4core.dir/src/c4/error.cpp.o
[  9%] Linking CXX executable sanitizer_probe-test
[  9%] Building CXX object external/rapidyaml/subprojects/c4core/build/CMakeFiles/c4core.dir/src/c4/format.cpp.o
[  9%] Built target sanitizer_probe-test
[  9%] Building CXX object tests/sanitizer/CMakeFiles/sanitizer_probe-test_UBSAN.dir/sanitizer_probe_test.cpp.o
[  9%] Building CXX object external/rapidyaml/CMakeFiles/ryml.dir/src/c4/yml/preprocess.cpp.o
[ 10%] Building CXX object external/rapidyaml/subprojects/c4core/build/CMakeFiles/c4core.dir/src/c4/language.cpp.o
[ 10%] Building CXX object external/rapidyaml/subprojects/c4core/build/CMakeFiles/c4core.dir/src/c4/memory_resource.cpp.o
[ 11%] Building CXX object tests/sanitizer/CMakeFiles/sanitizer_probe-test_ASAN.dir/sanitizer_probe_test.cpp.o
[ 12%] Linking CXX executable sanitizer_probe-test_UBSAN
[ 12%] Built target sanitizer_probe-test_UBSAN
[ 13%] Building CXX object external/rapidyaml/CMakeFiles/ryml.dir/src/c4/yml/reference_resolver.cpp.o
[ 14%] Linking CXX executable sanitizer_probe-test_ASAN
[ 15%] Building CXX object external/rapidyaml/subprojects/c4core/build/CMakeFiles/c4core.dir/src/c4/memory_util.cpp.o
[ 15%] Building CXX object external/rapidyaml/CMakeFiles/ryml.dir/src/c4/yml/tag.cpp.o
[ 15%] Building CXX object external/rapidyaml/subprojects/c4core/build/CMakeFiles/c4core.dir/src/c4/utf.cpp.o
[ 15%] Built target sanitizer_probe-test_ASAN
[ 16%] Building CXX object external/rapidyaml/subprojects/c4core/build/CMakeFiles/c4core.dir/src/c4/version.cpp.o
[ 17%] Building CXX object external/rapidyaml/CMakeFiles/ryml.dir/src/c4/yml/tree.cpp.o
[ 18%] Building CXX object external/rapidyaml/CMakeFiles/ryml.dir/src/c4/yml/version.cpp.o
[ 18%] Building CXX object external/rapidyaml/CMakeFiles/ryml.dir/ext/c4core/src/c4/base64.cpp.o
[ 19%] Building CXX object external/rapidyaml/CMakeFiles/ryml.dir/ext/c4core/src/c4/char_traits.cpp.o
[ 19%] Building CXX object external/rapidyaml/CMakeFiles/ryml.dir/ext/c4core/src/c4/error.cpp.o
[ 20%] Building CXX object external/rapidyaml/CMakeFiles/ryml.dir/ext/c4core/src/c4/format.cpp.o
[ 20%] Linking CXX shared library libc4core.so
[ 20%] Built target c4core
[ 20%] Building CXX object external/rapidyaml/CMakeFiles/ryml.dir/ext/c4core/src/c4/language.cpp.o
[ 21%] Building CXX object external/rapidyaml/CMakeFiles/ryml.dir/ext/c4core/src/c4/memory_resource.cpp.o
[ 22%] Building CXX object external/rapidyaml/CMakeFiles/ryml.dir/ext/c4core/src/c4/memory_util.cpp.o
[ 22%] Building CXX object external/rapidyaml/CMakeFiles/ryml.dir/ext/c4core/src/c4/utf.cpp.o
[ 23%] Building CXX object external/rapidyaml/CMakeFiles/ryml.dir/ext/c4core/src/c4/version.cpp.o
[ 23%] Linking CXX shared library libryml.so
[ 23%] Built target ryml
[ 24%] Building CXX object parser/CMakeFiles/protocol_parser.dir/src/log.cpp.o
[ 24%] Building CXX object parser/CMakeFiles/protocol_parser.dir/src/validator.cpp.o
[ 25%] Building CXX object parser/CMakeFiles/protocol_parser_asan.dir/src/log.cpp.o
[ 25%] Building CXX object parser/CMakeFiles/protocol_parser_asan.dir/src/validator.cpp.o
[ 25%] Building CXX object parser/CMakeFiles/protocol_parser.dir/src/protocol_parser.cpp.o
[ 25%] Building CXX object parser/CMakeFiles/protocol_parser_ubsan.dir/src/log.cpp.o
[ 25%] Building CXX object parser/CMakeFiles/protocol_parser_asan.dir/src/protocol_parser.cpp.o
[ 26%] Building CXX object parser/CMakeFiles/protocol_parser_asan.dir/src/protocol.cpp.o
[ 27%] Building CXX object parser/CMakeFiles/protocol_parser_ubsan.dir/src/validator.cpp.o
[ 28%] Building CXX object parser/CMakeFiles/protocol_parser.dir/src/protocol.cpp.o
[ 29%] Building CXX object parser/CMakeFiles/protocol_parser_asan.dir/src/db_proto_if_impl.cpp.o
[ 30%] Building CXX object parser/CMakeFiles/protocol_parser.dir/src/db_proto_if_impl.cpp.o
[ 30%] Building CXX object parser/CMakeFiles/protocol_parser.dir/src/db_proto_impl.cpp.o
[ 30%] Building CXX object parser/CMakeFiles/protocol_parser_asan.dir/src/db_proto_impl.cpp.o
[ 31%] Building CXX object parser/CMakeFiles/protocol_parser.dir/src/db_proto_service_impl.cpp.o
[ 32%] Building CXX object parser/CMakeFiles/protocol_parser_asan.dir/src/db_proto_service_impl.cpp.o
[ 32%] Building CXX object parser/CMakeFiles/protocol_parser.dir/src/db_var_impl.cpp.o
[ 32%] Linking CXX shared library ../../../lib/libgtest.so
[ 32%] Building CXX object parser/CMakeFiles/protocol_parser_asan.dir/src/db_var_impl.cpp.o
[ 32%] Building CXX object parser/CMakeFiles/protocol_parser_ubsan.dir/src/protocol_parser.cpp.o
[ 32%] Built target gtest
[ 33%] Building CXX object parser/CMakeFiles/protocol_parser_ubsan.dir/src/protocol.cpp.o
[ 34%] Building CXX object parser/CMakeFiles/protocol_parser.dir/src/logic_registry.cpp.o
[ 34%] Building CXX object parser/CMakeFiles/protocol_parser.dir/src/stack.cpp.o
[ 35%] Building CXX object parser/CMakeFiles/protocol_parser_asan.dir/src/logic_registry.cpp.o
[ 35%] Building CXX object parser/CMakeFiles/protocol_parser_asan.dir/src/stack.cpp.o
[ 36%] Building CXX object parser/CMakeFiles/protocol_parser.dir/src/stack_builder.cpp.o
[ 37%] Building CXX object parser/CMakeFiles/protocol_parser_asan.dir/src/stack_builder.cpp.o
[ 37%] Building CXX object parser/CMakeFiles/protocol_parser_ubsan.dir/src/db_proto_if_impl.cpp.o
[ 38%] Building CXX object parser/CMakeFiles/protocol_parser_ubsan.dir/src/db_proto_impl.cpp.o
[ 38%] Building CXX object parser/CMakeFiles/protocol_parser_ubsan.dir/src/db_proto_service_impl.cpp.o
[ 39%] Building CXX object parser/CMakeFiles/protocol_parser_ubsan.dir/src/db_var_impl.cpp.o
[ 40%] Building CXX object parser/CMakeFiles/protocol_parser_ubsan.dir/src/logic_registry.cpp.o
[ 40%] Building CXX object parser/CMakeFiles/protocol_parser_ubsan.dir/src/stack.cpp.o
[ 41%] Building CXX object parser/CMakeFiles/protocol_parser_ubsan.dir/src/stack_builder.cpp.o
[ 42%] Building CXX object external/googletest/googlemock/CMakeFiles/gmock.dir/src/gmock-all.cc.o
[ 42%] Linking CXX shared library libprotocol_parser.so
[ 43%] Building CXX object external/googletest/googletest/CMakeFiles/gtest_main.dir/src/gtest_main.cc.o
[ 43%] Built target protocol_parser
[ 43%] Building CXX object logic/CMakeFiles/protocol_logic.dir/src/ethernet_frame_logic.cpp.o
[ 44%] Building CXX object traffic-gen/CMakeFiles/traffic_gen.dir/src/packet_builder.cpp.o
[ 45%] Linking CXX shared library libprotocol_parser_asan.so
[ 46%] Building CXX object logic/CMakeFiles/protocol_logic.dir/src/avtp_control_logic.cpp.o
[ 46%] Built target protocol_parser_asan
[ 46%] Building CXX object logic/CMakeFiles/protocol_logic.dir/src/aecp_aem_logic.cpp.o
[ 46%] Building CXX object traffic-gen/CMakeFiles/traffic_gen_asan.dir/src/packet_builder.cpp.o
[ 47%] Building CXX object traffic-gen/CMakeFiles/traffic_gen_asan.dir/src/packet_decoder.cpp.o
[ 47%] Building CXX object traffic-gen/CMakeFiles/traffic_gen.dir/src/packet_decoder.cpp.o
[ 48%] Linking CXX shared library libprotocol_logic.so
[ 49%] Linking CXX shared library ../../../lib/libgtest_main.so
[ 49%] Built target protocol_logic
[ 50%] Building CXX object traffic-gen/CMakeFiles/traffic_gen_asan.dir/src/pcap_sender.cpp.o
[ 50%] Built target gtest_main
[ 50%] Building CXX object traffic-gen/CMakeFiles/traffic_gen_asan.dir/src/pcap_receiver.cpp.o
[ 51%] Building CXX object traffic-gen/CMakeFiles/traffic_gen.dir/src/pcap_sender.cpp.o
[ 52%] Building CXX object traffic-gen/CMakeFiles/traffic_gen_asan.dir/src/raw_socket_sender.cpp.o
[ 52%] Building CXX object traffic-gen/CMakeFiles/traffic_gen_asan.dir/src/raw_socket_receiver.cpp.o
[ 53%] Building CXX object traffic-gen/CMakeFiles/traffic_gen.dir/src/pcap_receiver.cpp.o
[ 54%] Building CXX object traffic-gen/CMakeFiles/traffic_gen_asan.dir/src/verilator_sender.cpp.o
[ 54%] Linking CXX shared library libprotocol_parser_ubsan.so
[ 54%] Building CXX object traffic-gen/CMakeFiles/traffic_gen_asan.dir/src/verilator_receiver.cpp.o
[ 54%] Building CXX object traffic-gen/CMakeFiles/traffic_gen.dir/src/raw_socket_sender.cpp.o
[ 54%] Built target protocol_parser_ubsan
[ 54%] Building CXX object parser/tests/CMakeFiles/gtest_parser-test.dir/gtest.cpp.o
[ 55%] Building CXX object traffic-gen/CMakeFiles/traffic_gen_asan.dir/src/traffic_generator.cpp.o
[ 55%] Building CXX object traffic-gen/CMakeFiles/traffic_gen_asan.dir/src/session.cpp.o
[ 56%] Building CXX object traffic-gen/CMakeFiles/traffic_gen.dir/src/raw_socket_receiver.cpp.o
[ 56%] Building CXX object traffic-gen/CMakeFiles/traffic_gen.dir/src/verilator_sender.cpp.o
[ 57%] Building CXX object traffic-gen/CMakeFiles/traffic_gen.dir/src/verilator_receiver.cpp.o
[ 57%] Building CXX object traffic-gen/CMakeFiles/traffic_gen.dir/src/traffic_generator.cpp.o
[ 57%] Linking CXX shared library ../../../lib/libgmock.so
[ 57%] Built target gmock
[ 58%] Building CXX object traffic-gen/CMakeFiles/traffic_gen.dir/src/session.cpp.o
[ 58%] Building CXX object parser/tests/CMakeFiles/protocol_parser-test_UBSAN.dir/protocol_parser_test.cpp.o
[ 58%] Building CXX object parser/tests/CMakeFiles/protocol_parser-test_ASAN.dir/protocol_parser_test.cpp.o
[ 59%] Linking CXX executable gtest_parser-test
[ 60%] Building CXX object parser/tests/CMakeFiles/protocol_parser-test.dir/protocol_parser_test.cpp.o
[ 60%] Built target gtest_parser-test
[ 61%] Building CXX object parser/tests/CMakeFiles/object_serializer-test_UBSAN.dir/object_serializer_test.cpp.o
[ 62%] Building CXX object parser/tests/CMakeFiles/object_serializer-test_ASAN.dir/object_serializer_test.cpp.o
[ 63%] Building CXX object parser/tests/CMakeFiles/object_serializer-test.dir/object_serializer_test.cpp.o
[ 64%] Linking CXX shared library libtraffic_gen_asan.so
[ 64%] Built target traffic_gen_asan
[ 64%] Building CXX object parser/tests/CMakeFiles/logic_registry-test_UBSAN.dir/logic_registry_test.cpp.o
[ 65%] Linking CXX executable protocol_parser-test
[ 65%] Built target protocol_parser-test
[ 65%] Building CXX object parser/tests/CMakeFiles/logic_registry-test_ASAN.dir/logic_registry_test.cpp.o
[ 66%] Linking CXX shared library libtraffic_gen.so
[ 67%] Linking CXX executable protocol_parser-test_ASAN
[ 67%] Built target protocol_parser-test_ASAN
[ 67%] Built target traffic_gen
[ 67%] Building CXX object parser/tests/CMakeFiles/logic_registry-test.dir/logic_registry_test.cpp.o
[ 68%] Building CXX object parser/tests/CMakeFiles/stack_builder-test_UBSAN.dir/stack_builder_test.cpp.o
[ 69%] Linking CXX executable protocol_parser-test_UBSAN
[ 69%] Built target protocol_parser-test_UBSAN
[ 70%] Building CXX object parser/tests/CMakeFiles/stack_builder-test_ASAN.dir/stack_builder_test.cpp.o
[ 70%] Linking CXX executable object_serializer-test_ASAN
[ 70%] Linking CXX executable object_serializer-test
[ 70%] Built target object_serializer-test_ASAN
[ 70%] Built target object_serializer-test
[ 70%] Building CXX object parser/tests/CMakeFiles/stack_builder-test.dir/stack_builder_test.cpp.o
[ 71%] Building CXX object parser/tests/CMakeFiles/validator-test_UBSAN.dir/validator_test.cpp.o
[ 71%] Linking CXX executable object_serializer-test_UBSAN
[ 71%] Built target object_serializer-test_UBSAN
[ 72%] Building CXX object parser/tests/CMakeFiles/validator-test_ASAN.dir/validator_test.cpp.o
[ 73%] Linking CXX executable logic_registry-test
[ 74%] Linking CXX executable logic_registry-test_UBSAN
[ 74%] Built target logic_registry-test
[ 75%] Linking CXX executable logic_registry-test_ASAN
[ 76%] Building CXX object parser/tests/CMakeFiles/validator-test.dir/validator_test.cpp.o
[ 76%] Built target logic_registry-test_UBSAN
[ 77%] Building CXX object logic/tests/CMakeFiles/ethernet_frame_logic-test.dir/ethernet_frame_logic_test.cpp.o
[ 77%] Built target logic_registry-test_ASAN
[ 78%] Building CXX object logic/tests/CMakeFiles/stack_codec-test.dir/stack_codec_test.cpp.o
[ 79%] Linking CXX executable validator-test_UBSAN
[ 79%] Linking CXX executable validator-test_ASAN
[ 79%] Built target validator-test_UBSAN
[ 80%] Building CXX object traffic-gen/CMakeFiles/traffic_gen_ubsan.dir/src/packet_builder.cpp.o
[ 80%] Built target validator-test_ASAN
[ 81%] Building CXX object traffic-gen/CMakeFiles/packet_gen.dir/tools/packet_gen_main.cpp.o
[ 81%] Linking CXX executable validator-test
[ 81%] Linking CXX executable stack_builder-test_ASAN
[ 81%] Built target validator-test
[ 81%] Building CXX object traffic-gen/tests/CMakeFiles/traffic_gen-test_ASAN.dir/traffic_gen_test.cpp.o
[ 82%] Linking CXX executable stack_builder-test
[ 82%] Built target stack_builder-test_ASAN
[ 82%] Building CXX object traffic-gen/tests/CMakeFiles/traffic_gen-test.dir/traffic_gen_test.cpp.o
[ 82%] Built target stack_builder-test
[ 82%] Building CXX object traffic-gen/tests/CMakeFiles/adp_fuzz-test_ASAN.dir/adp_fuzz_test.cpp.o
[ 82%] Linking CXX executable stack_builder-test_UBSAN
[ 82%] Built target stack_builder-test_UBSAN
[ 82%] Building CXX object traffic-gen/tests/CMakeFiles/adp_fuzz-test.dir/adp_fuzz_test.cpp.o
[ 82%] Linking CXX executable ethernet_frame_logic-test
[ 82%] Built target ethernet_frame_logic-test
[ 83%] Building CXX object traffic-gen/tests/CMakeFiles/ptp_flags-test_ASAN.dir/ptp_flags_test.cpp.o
[ 83%] Building CXX object traffic-gen/CMakeFiles/traffic_gen_ubsan.dir/src/packet_decoder.cpp.o
[ 83%] Linking CXX executable stack_codec-test
[ 83%] Built target stack_codec-test
[ 84%] Building CXX object traffic-gen/tests/CMakeFiles/ptp_flags-test.dir/ptp_flags_test.cpp.o
[ 85%] Linking CXX executable packet_gen
[ 85%] Built target packet_gen
[ 86%] Building CXX object external/googletest/googlemock/CMakeFiles/gmock_main.dir/src/gmock_main.cc.o
[ 87%] Building CXX object traffic-gen/CMakeFiles/traffic_gen_ubsan.dir/src/pcap_sender.cpp.o
[ 87%] Building CXX object traffic-gen/CMakeFiles/traffic_gen_ubsan.dir/src/pcap_receiver.cpp.o
[ 88%] Linking CXX executable traffic_gen-test
[ 88%] Built target traffic_gen-test
[ 89%] Building CXX object traffic-gen/CMakeFiles/traffic_gen_ubsan.dir/src/raw_socket_sender.cpp.o
[ 89%] Building CXX object traffic-gen/CMakeFiles/traffic_gen_ubsan.dir/src/raw_socket_receiver.cpp.o
[ 90%] Linking CXX executable adp_fuzz-test
[ 90%] Linking CXX shared library ../../../lib/libgmock_main.so
[ 91%] Linking CXX executable traffic_gen-test_ASAN
[ 91%] Built target adp_fuzz-test
[ 92%] Building CXX object traffic-gen/CMakeFiles/traffic_gen_ubsan.dir/src/verilator_sender.cpp.o
[ 92%] Built target gmock_main
[ 92%] Building CXX object traffic-gen/CMakeFiles/traffic_gen_ubsan.dir/src/verilator_receiver.cpp.o
[ 92%] Built target traffic_gen-test_ASAN
[ 93%] Building CXX object traffic-gen/CMakeFiles/traffic_gen_ubsan.dir/src/traffic_generator.cpp.o
[ 94%] Building CXX object traffic-gen/CMakeFiles/traffic_gen_ubsan.dir/src/session.cpp.o
[ 95%] Linking CXX executable adp_fuzz-test_ASAN
[ 95%] Linking CXX executable ptp_flags-test
[ 95%] Built target adp_fuzz-test_ASAN
[ 95%] Built target ptp_flags-test
[ 95%] Linking CXX executable ptp_flags-test_ASAN
[ 95%] Built target ptp_flags-test_ASAN
[ 95%] Linking CXX shared library libtraffic_gen_ubsan.so
[ 95%] Built target traffic_gen_ubsan
[ 96%] Building CXX object traffic-gen/tests/CMakeFiles/ptp_flags-test_UBSAN.dir/ptp_flags_test.cpp.o
[ 96%] Building CXX object traffic-gen/tests/CMakeFiles/traffic_gen-test_UBSAN.dir/traffic_gen_test.cpp.o
[ 96%] Building CXX object traffic-gen/tests/CMakeFiles/adp_fuzz-test_UBSAN.dir/adp_fuzz_test.cpp.o
[ 97%] Linking CXX executable ptp_flags-test_UBSAN
[ 97%] Built target ptp_flags-test_UBSAN
[ 98%] Linking CXX executable traffic_gen-test_UBSAN
[100%] Linking CXX executable adp_fuzz-test_UBSAN
[100%] Built target traffic_gen-test_UBSAN
[100%] Built target adp_fuzz-test_UBSAN
