[  0%] Building CXX object tests/sanitizer/CMakeFiles/sanitizer_probe_ubsan.dir/sanitizer_probe_lib.cpp.o
[  0%] Building CXX object external/rapidyaml/CMakeFiles/ryml.dir/src/c4/yml/common.cpp.o
[  0%] Building CXX object tests/sanitizer/CMakeFiles/sanitizer_probe_asan.dir/sanitizer_probe_lib.cpp.o
[  1%] Building CXX object external/googletest/googletest/CMakeFiles/gtest.dir/src/gtest-all.cc.o
[  2%] Building CXX object external/rapidyaml/subprojects/c4core/build/CMakeFiles/c4core.dir/src/c4/base64.cpp.o
[  2%] Building CXX object tests/sanitizer/CMakeFiles/sanitizer_probe.dir/sanitizer_probe_lib.cpp.o
[  3%] Building CXX object external/rapidyaml/CMakeFiles/ryml.dir/src/c4/yml/node.cpp.o
[  3%] Building CXX object external/rapidyaml/CMakeFiles/ryml.dir/src/c4/yml/node_type.cpp.o
[  3%] Linking CXX shared library libsanitizer_probe.so
[  4%] Linking CXX shared library libsanitizer_probe_ubsan.so
[  5%] Linking CXX shared library libsanitizer_probe_asan.so
[  5%] Built target sanitizer_probe_ubsan
[  5%] Built target sanitizer_probe
[  5%] Built target sanitizer_probe_asan
[  6%] Building CXX object external/rapidyaml/CMakeFiles/ryml.dir/src/c4/yml/parse.cpp.o
[  6%] Building CXX object tests/sanitizer/CMakeFiles/sanitizer_probe-test_UBSAN.dir/sanitizer_probe_test.cpp.o
[  7%] Building CXX object tests/sanitizer/CMakeFiles/sanitizer_probe-test.dir/sanitizer_probe_test.cpp.o
[  7%] Linking CXX executable sanitizer_probe-test
[  8%] Linking CXX executable sanitizer_probe-test_UBSAN
[  8%] Built target sanitizer_probe-test
[  8%] Built target sanitizer_probe-test_UBSAN
[  9%] Building CXX object tests/sanitizer/CMakeFiles/sanitizer_probe-test_ASAN.dir/sanitizer_probe_test.cpp.o
[  9%] Building CXX object external/rapidyaml/CMakeFiles/ryml.dir/src/c4/yml/preprocess.cpp.o
[ 10%] Building CXX object external/rapidyaml/CMakeFiles/ryml.dir/src/c4/yml/reference_resolver.cpp.o
[ 11%] Building CXX object external/rapidyaml/subprojects/c4core/build/CMakeFiles/c4core.dir/src/c4/char_traits.cpp.o
[ 12%] Linking CXX executable sanitizer_probe-test_ASAN
[ 12%] Built target sanitizer_probe-test_ASAN
[ 13%] Building CXX object external/rapidyaml/subprojects/c4core/build/CMakeFiles/c4core.dir/src/c4/error.cpp.o
[ 13%] Building CXX object external/rapidyaml/CMakeFiles/ryml.dir/src/c4/yml/tag.cpp.o
[ 13%] Building CXX object external/rapidyaml/subprojects/c4core/build/CMakeFiles/c4core.dir/src/c4/format.cpp.o
[ 14%] Building CXX object external/rapidyaml/subprojects/c4core/build/CMakeFiles/c4core.dir/src/c4/language.cpp.o
[ 14%] Building CXX object external/rapidyaml/subprojects/c4core/build/CMakeFiles/c4core.dir/src/c4/memory_resource.cpp.o
[ 15%] Building CXX object external/rapidyaml/CMakeFiles/ryml.dir/src/c4/yml/tree.cpp.o
[ 16%] Building CXX object external/rapidyaml/subprojects/c4core/build/CMakeFiles/c4core.dir/src/c4/memory_util.cpp.o
[ 16%] Building CXX object external/rapidyaml/subprojects/c4core/build/CMakeFiles/c4core.dir/src/c4/utf.cpp.o
[ 17%] Building CXX object external/rapidyaml/subprojects/c4core/build/CMakeFiles/c4core.dir/src/c4/version.cpp.o
[ 18%] Building CXX object external/rapidyaml/CMakeFiles/ryml.dir/src/c4/yml/version.cpp.o
[ 18%] Building CXX object external/rapidyaml/CMakeFiles/ryml.dir/ext/c4core/src/c4/base64.cpp.o
[ 19%] Building CXX object external/rapidyaml/CMakeFiles/ryml.dir/ext/c4core/src/c4/char_traits.cpp.o
[ 19%] Building CXX object external/rapidyaml/CMakeFiles/ryml.dir/ext/c4core/src/c4/error.cpp.o
[ 20%] Building CXX object external/rapidyaml/CMakeFiles/ryml.dir/ext/c4core/src/c4/format.cpp.o
[ 20%] Building CXX object external/rapidyaml/CMakeFiles/ryml.dir/ext/c4core/src/c4/language.cpp.o
[ 21%] Building CXX object external/rapidyaml/CMakeFiles/ryml.dir/ext/c4core/src/c4/memory_resource.cpp.o
[ 22%] Building CXX object external/rapidyaml/CMakeFiles/ryml.dir/ext/c4core/src/c4/memory_util.cpp.o
[ 22%] Linking CXX shared library libc4core.so
[ 22%] Building CXX object external/rapidyaml/CMakeFiles/ryml.dir/ext/c4core/src/c4/utf.cpp.o
[ 22%] Built target c4core
[ 23%] Building CXX object external/rapidyaml/CMakeFiles/ryml.dir/ext/c4core/src/c4/version.cpp.o
[ 23%] Linking CXX shared library libryml.so
[ 23%] Built target ryml
[ 23%] Building CXX object parser/CMakeFiles/protocol_parser.dir/src/log.cpp.o
[ 24%] Building CXX object parser/CMakeFiles/protocol_parser_ubsan.dir/src/protocol_parser.cpp.o
[ 24%] Building CXX object parser/CMakeFiles/protocol_parser.dir/src/validator.cpp.o
[ 26%] Building CXX object parser/CMakeFiles/protocol_parser_ubsan.dir/src/protocol.cpp.o
[ 26%] Building CXX object parser/CMakeFiles/protocol_parser_ubsan.dir/src/validator.cpp.o
[ 26%] Building CXX object parser/CMakeFiles/protocol_parser_ubsan.dir/src/log.cpp.o
[ 26%] Building CXX object parser/CMakeFiles/protocol_parser_asan.dir/src/log.cpp.o
[ 27%] Building CXX object parser/CMakeFiles/protocol_parser_asan.dir/src/validator.cpp.o
[ 27%] Building CXX object parser/CMakeFiles/protocol_parser.dir/src/protocol_parser.cpp.o
[ 27%] Building CXX object parser/CMakeFiles/protocol_parser_ubsan.dir/src/db_proto_if_impl.cpp.o
[ 27%] Linking CXX shared library ../../../lib/libgtest.so
[ 27%] Built target gtest
[ 28%] Building CXX object parser/CMakeFiles/protocol_parser_ubsan.dir/src/db_proto_impl.cpp.o
[ 28%] Building CXX object parser/CMakeFiles/protocol_parser_ubsan.dir/src/db_proto_service_impl.cpp.o
[ 29%] Building CXX object parser/CMakeFiles/protocol_parser_ubsan.dir/src/db_var_impl.cpp.o
[ 30%] Building CXX object parser/CMakeFiles/protocol_parser.dir/src/protocol.cpp.o
[ 31%] Building CXX object parser/CMakeFiles/protocol_parser_ubsan.dir/src/logic_registry.cpp.o
[ 31%] Building CXX object parser/CMakeFiles/protocol_parser_ubsan.dir/src/stack.cpp.o
[ 32%] Building CXX object parser/CMakeFiles/protocol_parser_ubsan.dir/src/stack_builder.cpp.o
[ 32%] Building CXX object parser/CMakeFiles/protocol_parser_asan.dir/src/protocol_parser.cpp.o
[ 33%] Building CXX object parser/CMakeFiles/protocol_parser_asan.dir/src/protocol.cpp.o
[ 34%] Building CXX object parser/CMakeFiles/protocol_parser_asan.dir/src/db_proto_if_impl.cpp.o
[ 34%] Building CXX object parser/CMakeFiles/protocol_parser_asan.dir/src/db_proto_impl.cpp.o
[ 35%] Building CXX object parser/CMakeFiles/protocol_parser.dir/src/db_proto_if_impl.cpp.o
[ 36%] Building CXX object parser/CMakeFiles/protocol_parser_asan.dir/src/db_proto_service_impl.cpp.o
[ 36%] Building CXX object parser/CMakeFiles/protocol_parser_asan.dir/src/db_var_impl.cpp.o
[ 36%] Building CXX object parser/CMakeFiles/protocol_parser.dir/src/db_proto_impl.cpp.o
[ 37%] Building CXX object parser/CMakeFiles/protocol_parser_asan.dir/src/logic_registry.cpp.o
[ 37%] Building CXX object parser/CMakeFiles/protocol_parser_asan.dir/src/stack.cpp.o
[ 38%] Building CXX object parser/CMakeFiles/protocol_parser_asan.dir/src/stack_builder.cpp.o
[ 39%] Building CXX object parser/CMakeFiles/protocol_parser.dir/src/db_proto_service_impl.cpp.o
[ 39%] Building CXX object parser/CMakeFiles/protocol_parser.dir/src/db_var_impl.cpp.o
[ 40%] Building CXX object parser/CMakeFiles/protocol_parser.dir/src/logic_registry.cpp.o
[ 40%] Building CXX object parser/CMakeFiles/protocol_parser.dir/src/stack.cpp.o
[ 40%] Linking CXX shared library libprotocol_parser_ubsan.so
[ 40%] Built target protocol_parser_ubsan
[ 41%] Building CXX object external/googletest/googlemock/CMakeFiles/gmock.dir/src/gmock-all.cc.o
[ 42%] Building CXX object parser/CMakeFiles/protocol_parser.dir/src/stack_builder.cpp.o
[ 43%] Building CXX object external/googletest/googletest/CMakeFiles/gtest_main.dir/src/gtest_main.cc.o
[ 44%] Building CXX object traffic-gen/CMakeFiles/traffic_gen_ubsan.dir/src/packet_builder.cpp.o
[ 44%] Building CXX object traffic-gen/CMakeFiles/traffic_gen_ubsan.dir/src/packet_decoder.cpp.o
[ 45%] Building CXX object traffic-gen/CMakeFiles/traffic_gen_ubsan.dir/src/pcap_sender.cpp.o
[ 46%] Linking CXX shared library ../../../lib/libgtest_main.so
[ 46%] Built target gtest_main
[ 46%] Building CXX object traffic-gen/CMakeFiles/traffic_gen_ubsan.dir/src/pcap_receiver.cpp.o
[ 47%] Building CXX object traffic-gen/CMakeFiles/traffic_gen_ubsan.dir/src/raw_socket_sender.cpp.o
[ 47%] Building CXX object traffic-gen/CMakeFiles/traffic_gen_ubsan.dir/src/raw_socket_receiver.cpp.o
[ 48%] Building CXX object traffic-gen/CMakeFiles/traffic_gen_ubsan.dir/src/verilator_sender.cpp.o
[ 48%] Linking CXX shared library libprotocol_parser.so
[ 48%] Building CXX object traffic-gen/CMakeFiles/traffic_gen_ubsan.dir/src/verilator_receiver.cpp.o
[ 49%] Building CXX object traffic-gen/CMakeFiles/traffic_gen_ubsan.dir/src/traffic_generator.cpp.o
[ 49%] Built target protocol_parser
[ 49%] Building CXX object parser/tests/CMakeFiles/gtest_parser-test.dir/gtest.cpp.o
[ 50%] Building CXX object traffic-gen/CMakeFiles/traffic_gen_ubsan.dir/src/session.cpp.o
[ 50%] Building CXX object parser/tests/CMakeFiles/protocol_parser-test_UBSAN.dir/protocol_parser_test.cpp.o
[ 51%] Building CXX object parser/tests/CMakeFiles/protocol_parser-test.dir/protocol_parser_test.cpp.o
[ 52%] Linking CXX executable gtest_parser-test
[ 53%] Building CXX object parser/tests/CMakeFiles/object_serializer-test_UBSAN.dir/object_serializer_test.cpp.o
[ 53%] Linking CXX shared library ../../../lib/libgmock.so
[ 53%] Built target gtest_parser-test
[ 54%] Building CXX object parser/tests/CMakeFiles/object_serializer-test.dir/object_serializer_test.cpp.o
[ 54%] Built target gmock
[ 54%] Building CXX object parser/tests/CMakeFiles/logic_registry-test_UBSAN.dir/logic_registry_test.cpp.o
[ 54%] Building CXX object parser/tests/CMakeFiles/logic_registry-test.dir/logic_registry_test.cpp.o
[ 55%] Linking CXX shared library libprotocol_parser_asan.so
[ 55%] Built target protocol_parser_asan
[ 56%] Building CXX object parser/tests/CMakeFiles/stack_builder-test_UBSAN.dir/stack_builder_test.cpp.o
[ 57%] Linking CXX executable protocol_parser-test
[ 57%] Built target protocol_parser-test
[ 58%] Building CXX object parser/tests/CMakeFiles/stack_builder-test_ASAN.dir/stack_builder_test.cpp.o
[ 59%] Linking CXX executable logic_registry-test
[ 59%] Built target logic_registry-test
[ 59%] Building CXX object parser/tests/CMakeFiles/stack_builder-test.dir/stack_builder_test.cpp.o
[ 60%] Linking CXX executable protocol_parser-test_UBSAN
[ 60%] Built target protocol_parser-test_UBSAN
[ 61%] Building CXX object parser/tests/CMakeFiles/validator-test_UBSAN.dir/validator_test.cpp.o
[ 61%] Linking CXX executable object_serializer-test
[ 61%] Built target object_serializer-test
[ 62%] Building CXX object parser/tests/CMakeFiles/validator-test_ASAN.dir/validator_test.cpp.o
[ 63%] Linking CXX executable logic_registry-test_UBSAN
[ 63%] Built target logic_registry-test_UBSAN
[ 64%] Building CXX object parser/tests/CMakeFiles/validator-test.dir/validator_test.cpp.o
[ 64%] Linking CXX executable object_serializer-test_UBSAN
[ 64%] Built target object_serializer-test_UBSAN
[ 64%] Building CXX object logic/CMakeFiles/protocol_logic.dir/src/ethernet_frame_logic.cpp.o
[ 64%] Linking CXX shared library libtraffic_gen_ubsan.so
[ 64%] Built target traffic_gen_ubsan
[ 65%] Building CXX object traffic-gen/CMakeFiles/traffic_gen.dir/src/packet_builder.cpp.o
[ 66%] Building CXX object logic/CMakeFiles/protocol_logic.dir/src/avtp_control_logic.cpp.o
[ 66%] Linking CXX executable validator-test
[ 66%] Built target validator-test
[ 66%] Building CXX object traffic-gen/CMakeFiles/traffic_gen_asan.dir/src/packet_builder.cpp.o
[ 66%] Building CXX object logic/CMakeFiles/protocol_logic.dir/src/aecp_aem_logic.cpp.o
[ 66%] Linking CXX executable validator-test_ASAN
[ 66%] Building CXX object traffic-gen/CMakeFiles/traffic_gen.dir/src/packet_decoder.cpp.o
[ 66%] Built target validator-test_ASAN
[ 66%] Linking CXX executable stack_builder-test_UBSAN
[ 66%] Building CXX object traffic-gen/tests/CMakeFiles/traffic_gen-test_UBSAN.dir/traffic_gen_test.cpp.o
[ 66%] Built target stack_builder-test_UBSAN
[ 67%] Building CXX object traffic-gen/CMakeFiles/traffic_gen.dir/src/pcap_sender.cpp.o
[ 68%] Linking CXX shared library libprotocol_logic.so
[ 69%] Linking CXX executable validator-test_UBSAN
[ 69%] Built target protocol_logic
[ 70%] Building CXX object traffic-gen/CMakeFiles/traffic_gen.dir/src/pcap_receiver.cpp.o
[ 70%] Built target validator-test_UBSAN
[ 71%] Linking CXX executable stack_builder-test
[ 71%] Building CXX object traffic-gen/CMakeFiles/traffic_gen.dir/src/raw_socket_sender.cpp.o
[ 72%] Building CXX object traffic-gen/CMakeFiles/traffic_gen_asan.dir/src/packet_decoder.cpp.o
[ 72%] Built target stack_builder-test
[ 73%] Building CXX object traffic-gen/CMakeFiles/traffic_gen.dir/src/raw_socket_receiver.cpp.o
[ 73%] Building CXX object traffic-gen/CMakeFiles/traffic_gen.dir/src/verilator_sender.cpp.o
[ 74%] Building CXX object traffic-gen/CMakeFiles/traffic_gen.dir/src/verilator_receiver.cpp.o
[ 74%] Building CXX object traffic-gen/CMakeFiles/traffic_gen.dir/src/traffic_generator.cpp.o
[ 75%] Building CXX object traffic-gen/CMakeFiles/traffic_gen.dir/src/session.cpp.o
[ 76%] Building CXX object traffic-gen/CMakeFiles/traffic_gen_asan.dir/src/pcap_sender.cpp.o
[ 76%] Building CXX object traffic-gen/CMakeFiles/traffic_gen_asan.dir/src/pcap_receiver.cpp.o
[ 76%] Building CXX object traffic-gen/tests/CMakeFiles/adp_fuzz-test_UBSAN.dir/adp_fuzz_test.cpp.o
[ 77%] Building CXX object traffic-gen/CMakeFiles/traffic_gen_asan.dir/src/raw_socket_sender.cpp.o
[ 77%] Building CXX object traffic-gen/CMakeFiles/traffic_gen_asan.dir/src/raw_socket_receiver.cpp.o
[ 77%] Linking CXX executable stack_builder-test_ASAN
[ 78%] Building CXX object traffic-gen/CMakeFiles/traffic_gen_asan.dir/src/verilator_sender.cpp.o
[ 78%] Built target stack_builder-test_ASAN
[ 79%] Building CXX object traffic-gen/tests/CMakeFiles/ptp_flags-test_UBSAN.dir/ptp_flags_test.cpp.o
[ 79%] Building CXX object traffic-gen/CMakeFiles/traffic_gen_asan.dir/src/verilator_receiver.cpp.o
[ 80%] Building CXX object traffic-gen/CMakeFiles/traffic_gen_asan.dir/src/traffic_generator.cpp.o
[ 80%] Building CXX object traffic-gen/CMakeFiles/traffic_gen_asan.dir/src/session.cpp.o
[ 81%] Building CXX object external/googletest/googlemock/CMakeFiles/gmock_main.dir/src/gmock_main.cc.o
[ 81%] Building CXX object parser/tests/CMakeFiles/protocol_parser-test_ASAN.dir/protocol_parser_test.cpp.o
[ 81%] Linking CXX shared library ../../../lib/libgmock_main.so
[ 82%] Building CXX object parser/tests/CMakeFiles/object_serializer-test_ASAN.dir/object_serializer_test.cpp.o
[ 82%] Built target gmock_main
[ 83%] Linking CXX shared library libtraffic_gen.so
[ 83%] Building CXX object parser/tests/CMakeFiles/logic_registry-test_ASAN.dir/logic_registry_test.cpp.o
[ 83%] Built target traffic_gen
[ 84%] Building CXX object logic/tests/CMakeFiles/ethernet_frame_logic-test.dir/ethernet_frame_logic_test.cpp.o
[ 85%] Linking CXX executable traffic_gen-test_UBSAN
[ 85%] Built target traffic_gen-test_UBSAN
[ 86%] Building CXX object logic/tests/CMakeFiles/stack_codec-test.dir/stack_codec_test.cpp.o
[ 87%] Linking CXX shared library libtraffic_gen_asan.so
[ 87%] Built target traffic_gen_asan
[ 88%] Building CXX object traffic-gen/CMakeFiles/packet_gen.dir/tools/packet_gen_main.cpp.o
[ 89%] Linking CXX executable protocol_parser-test_ASAN
[ 90%] Linking CXX executable adp_fuzz-test_UBSAN
[ 90%] Built target protocol_parser-test_ASAN
[ 90%] Building CXX object traffic-gen/tests/CMakeFiles/traffic_gen-test_ASAN.dir/traffic_gen_test.cpp.o
[ 90%] Built target adp_fuzz-test_UBSAN
[ 90%] Building CXX object traffic-gen/tests/CMakeFiles/traffic_gen-test.dir/traffic_gen_test.cpp.o
[ 91%] Linking CXX executable logic_registry-test_ASAN
[ 91%] Built target logic_registry-test_ASAN
[ 91%] Building CXX object traffic-gen/tests/CMakeFiles/adp_fuzz-test_ASAN.dir/adp_fuzz_test.cpp.o
[ 92%] Linking CXX executable ptp_flags-test_UBSAN
[ 92%] Linking CXX executable ethernet_frame_logic-test
[ 92%] Built target ptp_flags-test_UBSAN
[ 92%] Built target ethernet_frame_logic-test
[ 92%] Building CXX object traffic-gen/tests/CMakeFiles/adp_fuzz-test.dir/adp_fuzz_test.cpp.o
[ 93%] Building CXX object traffic-gen/tests/CMakeFiles/ptp_flags-test_ASAN.dir/ptp_flags_test.cpp.o
[ 93%] Linking CXX executable stack_codec-test
[ 93%] Built target stack_codec-test
[ 94%] Building CXX object traffic-gen/tests/CMakeFiles/ptp_flags-test.dir/ptp_flags_test.cpp.o
[ 95%] Linking CXX executable packet_gen
[ 95%] Built target packet_gen
[ 95%] Linking CXX executable object_serializer-test_ASAN
[ 96%] Linking CXX executable traffic_gen-test
[ 96%] Built target object_serializer-test_ASAN
[ 96%] Built target traffic_gen-test
[ 97%] Linking CXX executable adp_fuzz-test
[ 97%] Built target adp_fuzz-test
[ 97%] Linking CXX executable ptp_flags-test
[ 97%] Built target ptp_flags-test
[ 98%] Linking CXX executable traffic_gen-test_ASAN
[ 98%] Built target traffic_gen-test_ASAN
[100%] Linking CXX executable adp_fuzz-test_ASAN
[100%] Built target adp_fuzz-test_ASAN
[100%] Linking CXX executable ptp_flags-test_ASAN
[100%] Built target ptp_flags-test_ASAN
