-- ASAN_OPTIONS is unset
-- UBSAN_OPTIONS is unset
-- child: $VALIDATION_STORAGE/reviews/r231-18-r1-scratch/src/cand/build/tests/sanitizer/sanitizer_probe-test_ASAN consumer-heap-overflow
-- child exit status: 1
-- child stdout:
sanitizer_probe: consumer-heap-overflow started

-- child stderr:
=================================================================
==2430874==ERROR: AddressSanitizer: heap-buffer-overflow on address 0x7b336afe0020 at pc 0x55d167aa02e4 bp 0x7fff8a6fcc30 sp 0x7fff8a6fcc20
READ of size 4 at 0x7b336afe0020 thread T0
    #0 0x55d167aa02e3 in (anonymous namespace)::consumerRead(int const*, unsigned long) ($VALIDATION_STORAGE/reviews/r231-18-r1-scratch/src/cand/build/tests/sanitizer/sanitizer_probe-test_ASAN+0x22e3) (BuildId: a44c118f9dab23186d42f60c14b0d44c5ce3ee39)
    #1 0x55d167aa06aa in main ($VALIDATION_STORAGE/reviews/r231-18-r1-scratch/src/cand/build/tests/sanitizer/sanitizer_probe-test_ASAN+0x26aa) (BuildId: a44c118f9dab23186d42f60c14b0d44c5ce3ee39)
    #2 0x7f136be27780  (/usr/lib/libc.so.6+0x27780) (BuildId: 503200d7fda94a5dc6058d7e0694e5d1dcb2e372)
    #3 0x7f136be278b8 in __libc_start_main (/usr/lib/libc.so.6+0x278b8) (BuildId: 503200d7fda94a5dc6058d7e0694e5d1dcb2e372)
    #4 0x55d167aa01b4 in _start ($VALIDATION_STORAGE/reviews/r231-18-r1-scratch/src/cand/build/tests/sanitizer/sanitizer_probe-test_ASAN+0x21b4) (BuildId: a44c118f9dab23186d42f60c14b0d44c5ce3ee39)

0x7b336afe0020 is located 0 bytes after 16-byte region [0x7b336afe0010,0x7b336afe0020)
allocated by thread T0 here:
    #0 0x7f136c72d431 in operator new[](unsigned long) (/usr/lib/libasan.so.8+0x12d431) (BuildId: b8a4241051a1621937fdc46e867ba7ecb56d96ea)
    #1 0x55d167aa04a9 in main ($VALIDATION_STORAGE/reviews/r231-18-r1-scratch/src/cand/build/tests/sanitizer/sanitizer_probe-test_ASAN+0x24a9) (BuildId: a44c118f9dab23186d42f60c14b0d44c5ce3ee39)
    #2 0x7f136be27780  (/usr/lib/libc.so.6+0x27780) (BuildId: 503200d7fda94a5dc6058d7e0694e5d1dcb2e372)
    #3 0x7f136be278b8 in __libc_start_main (/usr/lib/libc.so.6+0x278b8) (BuildId: 503200d7fda94a5dc6058d7e0694e5d1dcb2e372)
    #4 0x55d167aa01b4 in _start ($VALIDATION_STORAGE/reviews/r231-18-r1-scratch/src/cand/build/tests/sanitizer/sanitizer_probe-test_ASAN+0x21b4) (BuildId: a44c118f9dab23186d42f60c14b0d44c5ce3ee39)

SUMMARY: AddressSanitizer: heap-buffer-overflow ($VALIDATION_STORAGE/reviews/r231-18-r1-scratch/src/cand/build/tests/sanitizer/sanitizer_probe-test_ASAN+0x22e3) (BuildId: a44c118f9dab23186d42f60c14b0d44c5ce3ee39) in (anonymous namespace)::consumerRead(int const*, unsigned long)
Shadow bytes around the buggy address:
  0x7b336afdfd80: 00 00 00 00 00 00 00 00 00 00 00 00 00 00 00 00
  0x7b336afdfe00: 00 00 00 00 00 00 00 00 00 00 00 00 00 00 00 00
  0x7b336afdfe80: 00 00 00 00 00 00 00 00 00 00 00 00 00 00 00 00
  0x7b336afdff00: 00 00 00 00 00 00 00 00 00 00 00 00 00 00 00 00
  0x7b336afdff80: 00 00 00 00 00 00 00 00 00 00 00 00 00 00 00 00
=>0x7b336afe0000: fa fa 00 00[fa]fa fa fa fa fa fa fa fa fa fa fa
  0x7b336afe0080: fa fa fa fa fa fa fa fa fa fa fa fa fa fa fa fa
  0x7b336afe0100: fa fa fa fa fa fa fa fa fa fa fa fa fa fa fa fa
  0x7b336afe0180: fa fa fa fa fa fa fa fa fa fa fa fa fa fa fa fa
  0x7b336afe0200: fa fa fa fa fa fa fa fa fa fa fa fa fa fa fa fa
  0x7b336afe0280: fa fa fa fa fa fa fa fa fa fa fa fa fa fa fa fa
Shadow byte legend (one shadow byte represents 8 application bytes):
  Addressable:           00
  Partially addressable: 01 02 03 04 05 06 07 
  Heap left redzone:       fa
  Freed heap region:       fd
  Stack left redzone:      f1
  Stack mid redzone:       f2
  Stack right redzone:     f3
  Stack after return:      f5
  Stack use after scope:   f8
  Global redzone:          f9
  Global init order:       f6
  Poisoned by user:        f7
  Container overflow:      fc
  Array cookie:            ac
  Intra object redzone:    bb
  ASan internal:           fe
  Left alloca redzone:     ca
  Right alloca redzone:    cb
==2430874==ABORTING

-- the sanitizer stopped the probe at its fault, as expected
