-- The CXX compiler identification is GNU 16.2.1
-- Detecting CXX compiler ABI info
-- Detecting CXX compiler ABI info - done
-- Check for working CXX compiler: /usr/bin/c++ - skipped
-- Detecting CXX compile features
-- Detecting CXX compile features - done
-- ryml: using C++ standard: C++17
-- ryml: importing subproject c4core (SUBDIRECTORY)... $VALIDATION_STORAGE/reviews/r231-18-r1-scratch/src/mut/M1-base-helper-cmake321/external/rapidyaml/ext/c4core
-- c4core: using C++ standard: C++17
-- ryml: -----> target ryml PUBLIC incorporating lib c4core
-- The C compiler identification is GNU 16.2.1
-- Detecting C compiler ABI info
-- Detecting C compiler ABI info - done
-- Check for working C compiler: /usr/bin/cc - skipped
-- Detecting C compile features
-- Detecting C compile features - done
-- Looking for pthread.h
-- Looking for pthread.h - found
-- Performing Test CMAKE_HAVE_LIBC_PTHREAD
-- Performing Test CMAKE_HAVE_LIBC_PTHREAD - Success
-- Found Threads: TRUE  
-- Generating Multi-library -fsanitize=undefined
-- tshark not found — skipping stack_codec_tshark validation
-- Generating Multi-library -fsanitize=undefined
-- Generating Multi-library -fsanitize=undefined
-- Configuring done
-- Generating done
-- Build files have been written to: $VALIDATION_STORAGE/reviews/r231-18-r1-scratch/build/cmake321/M1-empty
