-- Install configuration: ""
-- Installing: $VALIDATION_STORAGE/reviews/r231-18-r1-scratch/install/base/lib/libryml.so.0.8.0
-- Set non-toolchain portion of runtime path of "$VALIDATION_STORAGE/reviews/r231-18-r1-scratch/install/base/lib/libryml.so.0.8.0" to "$ORIGIN:$ORIGIN/../lib"
-- Installing: $VALIDATION_STORAGE/reviews/r231-18-r1-scratch/install/base/lib/libryml.so
-- Installing: $VALIDATION_STORAGE/reviews/r231-18-r1-scratch/install/base/include/c4/allocator.hpp
-- Installing: $VALIDATION_STORAGE/reviews/r231-18-r1-scratch/install/base/include/c4/base64.hpp
-- Installing: $VALIDATION_STORAGE/reviews/r231-18-r1-scratch/install/base/include/c4/blob.hpp
-- Installing: $VALIDATION_STORAGE/reviews/r231-18-r1-scratch/install/base/include/c4/bitmask.hpp
-- Installing: $VALIDATION_STORAGE/reviews/r231-18-r1-scratch/install/base/include/c4/charconv.hpp
-- Installing: $VALIDATION_STORAGE/reviews/r231-18-r1-scratch/install/base/include/c4/c4_pop.hpp
-- Installing: $VALIDATION_STORAGE/reviews/r231-18-r1-scratch/install/base/include/c4/c4_push.hpp
-- Installing: $VALIDATION_STORAGE/reviews/r231-18-r1-scratch/install/base/include/c4/char_traits.hpp
-- Installing: $VALIDATION_STORAGE/reviews/r231-18-r1-scratch/install/base/include/c4/common.hpp
-- Installing: $VALIDATION_STORAGE/reviews/r231-18-r1-scratch/install/base/include/c4/compiler.hpp
-- Installing: $VALIDATION_STORAGE/reviews/r231-18-r1-scratch/install/base/include/c4/config.hpp
-- Installing: $VALIDATION_STORAGE/reviews/r231-18-r1-scratch/install/base/include/c4/cpu.hpp
-- Installing: $VALIDATION_STORAGE/reviews/r231-18-r1-scratch/install/base/include/c4/ctor_dtor.hpp
-- Installing: $VALIDATION_STORAGE/reviews/r231-18-r1-scratch/install/base/include/c4/dump.hpp
-- Installing: $VALIDATION_STORAGE/reviews/r231-18-r1-scratch/install/base/include/c4/enum.hpp
-- Installing: $VALIDATION_STORAGE/reviews/r231-18-r1-scratch/install/base/include/c4/error.hpp
-- Installing: $VALIDATION_STORAGE/reviews/r231-18-r1-scratch/install/base/include/c4/export.hpp
-- Installing: $VALIDATION_STORAGE/reviews/r231-18-r1-scratch/install/base/include/c4/format.hpp
-- Installing: $VALIDATION_STORAGE/reviews/r231-18-r1-scratch/install/base/include/c4/gcc-4.8.hpp
-- Installing: $VALIDATION_STORAGE/reviews/r231-18-r1-scratch/install/base/include/c4/hash.hpp
-- Installing: $VALIDATION_STORAGE/reviews/r231-18-r1-scratch/install/base/include/c4/language.hpp
-- Installing: $VALIDATION_STORAGE/reviews/r231-18-r1-scratch/install/base/include/c4/memory_resource.hpp
-- Installing: $VALIDATION_STORAGE/reviews/r231-18-r1-scratch/install/base/include/c4/memory_util.hpp
-- Installing: $VALIDATION_STORAGE/reviews/r231-18-r1-scratch/install/base/include/c4/platform.hpp
-- Installing: $VALIDATION_STORAGE/reviews/r231-18-r1-scratch/install/base/include/c4/preprocessor.hpp
-- Installing: $VALIDATION_STORAGE/reviews/r231-18-r1-scratch/install/base/include/c4/restrict.hpp
-- Installing: $VALIDATION_STORAGE/reviews/r231-18-r1-scratch/install/base/include/c4/span.hpp
-- Installing: $VALIDATION_STORAGE/reviews/r231-18-r1-scratch/install/base/include/c4/std/std.hpp
-- Installing: $VALIDATION_STORAGE/reviews/r231-18-r1-scratch/install/base/include/c4/std/std_fwd.hpp
-- Installing: $VALIDATION_STORAGE/reviews/r231-18-r1-scratch/install/base/include/c4/std/string.hpp
-- Installing: $VALIDATION_STORAGE/reviews/r231-18-r1-scratch/install/base/include/c4/std/string_fwd.hpp
-- Installing: $VALIDATION_STORAGE/reviews/r231-18-r1-scratch/install/base/include/c4/std/string_view.hpp
-- Installing: $VALIDATION_STORAGE/reviews/r231-18-r1-scratch/install/base/include/c4/std/tuple.hpp
-- Installing: $VALIDATION_STORAGE/reviews/r231-18-r1-scratch/install/base/include/c4/std/vector.hpp
-- Installing: $VALIDATION_STORAGE/reviews/r231-18-r1-scratch/install/base/include/c4/std/vector_fwd.hpp
-- Installing: $VALIDATION_STORAGE/reviews/r231-18-r1-scratch/install/base/include/c4/substr.hpp
-- Installing: $VALIDATION_STORAGE/reviews/r231-18-r1-scratch/install/base/include/c4/substr_fwd.hpp
-- Installing: $VALIDATION_STORAGE/reviews/r231-18-r1-scratch/install/base/include/c4/szconv.hpp
-- Installing: $VALIDATION_STORAGE/reviews/r231-18-r1-scratch/install/base/include/c4/type_name.hpp
-- Installing: $VALIDATION_STORAGE/reviews/r231-18-r1-scratch/install/base/include/c4/types.hpp
-- Installing: $VALIDATION_STORAGE/reviews/r231-18-r1-scratch/install/base/include/c4/unrestrict.hpp
-- Installing: $VALIDATION_STORAGE/reviews/r231-18-r1-scratch/install/base/include/c4/utf.hpp
-- Installing: $VALIDATION_STORAGE/reviews/r231-18-r1-scratch/install/base/include/c4/windows.hpp
-- Installing: $VALIDATION_STORAGE/reviews/r231-18-r1-scratch/install/base/include/c4/version.hpp
-- Installing: $VALIDATION_STORAGE/reviews/r231-18-r1-scratch/install/base/include/c4/windows_pop.hpp
-- Installing: $VALIDATION_STORAGE/reviews/r231-18-r1-scratch/install/base/include/c4/windows_push.hpp
-- Installing: $VALIDATION_STORAGE/reviews/r231-18-r1-scratch/install/base/include/c4/ext/debugbreak/debugbreak.h
-- Installing: $VALIDATION_STORAGE/reviews/r231-18-r1-scratch/install/base/include/c4/ext/rng/rng.hpp
-- Installing: $VALIDATION_STORAGE/reviews/r231-18-r1-scratch/install/base/include/c4/ext/sg14/inplace_function.h
-- Installing: $VALIDATION_STORAGE/reviews/r231-18-r1-scratch/install/base/include/c4/ext/fast_float.hpp
-- Installing: $VALIDATION_STORAGE/reviews/r231-18-r1-scratch/install/base/include/c4/ext/fast_float_all.h
-- Installing: $VALIDATION_STORAGE/reviews/r231-18-r1-scratch/install/base/include/c4/c4core.natvis
-- Installing: $VALIDATION_STORAGE/reviews/r231-18-r1-scratch/install/base/include/ryml.hpp
-- Installing: $VALIDATION_STORAGE/reviews/r231-18-r1-scratch/install/base/include/ryml_std.hpp
-- Installing: $VALIDATION_STORAGE/reviews/r231-18-r1-scratch/install/base/include/c4/yml/detail/checks.hpp
-- Installing: $VALIDATION_STORAGE/reviews/r231-18-r1-scratch/install/base/include/c4/yml/detail/parser_dbg.hpp
-- Installing: $VALIDATION_STORAGE/reviews/r231-18-r1-scratch/install/base/include/c4/yml/detail/print.hpp
-- Installing: $VALIDATION_STORAGE/reviews/r231-18-r1-scratch/install/base/include/c4/yml/detail/stack.hpp
-- Installing: $VALIDATION_STORAGE/reviews/r231-18-r1-scratch/install/base/include/c4/yml/common.hpp
-- Installing: $VALIDATION_STORAGE/reviews/r231-18-r1-scratch/install/base/include/c4/yml/emit.def.hpp
-- Installing: $VALIDATION_STORAGE/reviews/r231-18-r1-scratch/install/base/include/c4/yml/emit.hpp
-- Installing: $VALIDATION_STORAGE/reviews/r231-18-r1-scratch/install/base/include/c4/yml/event_handler_stack.hpp
-- Installing: $VALIDATION_STORAGE/reviews/r231-18-r1-scratch/install/base/include/c4/yml/event_handler_tree.hpp
-- Installing: $VALIDATION_STORAGE/reviews/r231-18-r1-scratch/install/base/include/c4/yml/filter_processor.hpp
-- Installing: $VALIDATION_STORAGE/reviews/r231-18-r1-scratch/install/base/include/c4/yml/fwd.hpp
-- Installing: $VALIDATION_STORAGE/reviews/r231-18-r1-scratch/install/base/include/c4/yml/export.hpp
-- Installing: $VALIDATION_STORAGE/reviews/r231-18-r1-scratch/install/base/include/c4/yml/node.hpp
-- Installing: $VALIDATION_STORAGE/reviews/r231-18-r1-scratch/install/base/include/c4/yml/node_type.hpp
-- Installing: $VALIDATION_STORAGE/reviews/r231-18-r1-scratch/install/base/include/c4/yml/parser_state.hpp
-- Installing: $VALIDATION_STORAGE/reviews/r231-18-r1-scratch/install/base/include/c4/yml/parse.hpp
-- Installing: $VALIDATION_STORAGE/reviews/r231-18-r1-scratch/install/base/include/c4/yml/parse_engine.hpp
-- Installing: $VALIDATION_STORAGE/reviews/r231-18-r1-scratch/install/base/include/c4/yml/parse_engine.def.hpp
-- Installing: $VALIDATION_STORAGE/reviews/r231-18-r1-scratch/install/base/include/c4/yml/preprocess.hpp
-- Installing: $VALIDATION_STORAGE/reviews/r231-18-r1-scratch/install/base/include/c4/yml/reference_resolver.hpp
-- Installing: $VALIDATION_STORAGE/reviews/r231-18-r1-scratch/install/base/include/c4/yml/std/map.hpp
-- Installing: $VALIDATION_STORAGE/reviews/r231-18-r1-scratch/install/base/include/c4/yml/std/std.hpp
-- Installing: $VALIDATION_STORAGE/reviews/r231-18-r1-scratch/install/base/include/c4/yml/std/string.hpp
-- Installing: $VALIDATION_STORAGE/reviews/r231-18-r1-scratch/install/base/include/c4/yml/std/vector.hpp
-- Installing: $VALIDATION_STORAGE/reviews/r231-18-r1-scratch/install/base/include/c4/yml/tag.hpp
-- Installing: $VALIDATION_STORAGE/reviews/r231-18-r1-scratch/install/base/include/c4/yml/tree.hpp
-- Installing: $VALIDATION_STORAGE/reviews/r231-18-r1-scratch/install/base/include/c4/yml/version.hpp
-- Installing: $VALIDATION_STORAGE/reviews/r231-18-r1-scratch/install/base/include/c4/yml/writer.hpp
-- Installing: $VALIDATION_STORAGE/reviews/r231-18-r1-scratch/install/base/include/c4/yml/yml.hpp
-- Installing: $VALIDATION_STORAGE/reviews/r231-18-r1-scratch/install/base/include/ryml.natvis
-- Installing: $VALIDATION_STORAGE/reviews/r231-18-r1-scratch/install/base/lib/cmake/ryml/rymlTargets.cmake
-- Installing: $VALIDATION_STORAGE/reviews/r231-18-r1-scratch/install/base/lib/cmake/ryml/rymlTargets-noconfig.cmake
-- Installing: $VALIDATION_STORAGE/reviews/r231-18-r1-scratch/install/base/lib/cmake/ryml/rymlConfig.cmake
-- Installing: $VALIDATION_STORAGE/reviews/r231-18-r1-scratch/install/base/lib/cmake/ryml/rymlConfigVersion.cmake
-- Installing: $VALIDATION_STORAGE/reviews/r231-18-r1-scratch/install/base/lib/libc4core.so.0.2.5
-- Set non-toolchain portion of runtime path of "$VALIDATION_STORAGE/reviews/r231-18-r1-scratch/install/base/lib/libc4core.so.0.2.5" to "$ORIGIN:$ORIGIN/../lib"
-- Installing: $VALIDATION_STORAGE/reviews/r231-18-r1-scratch/install/base/lib/libc4core.so
-- Up-to-date: $VALIDATION_STORAGE/reviews/r231-18-r1-scratch/install/base/include/c4/allocator.hpp
-- Up-to-date: $VALIDATION_STORAGE/reviews/r231-18-r1-scratch/install/base/include/c4/base64.hpp
-- Up-to-date: $VALIDATION_STORAGE/reviews/r231-18-r1-scratch/install/base/include/c4/blob.hpp
-- Up-to-date: $VALIDATION_STORAGE/reviews/r231-18-r1-scratch/install/base/include/c4/bitmask.hpp
-- Up-to-date: $VALIDATION_STORAGE/reviews/r231-18-r1-scratch/install/base/include/c4/charconv.hpp
-- Up-to-date: $VALIDATION_STORAGE/reviews/r231-18-r1-scratch/install/base/include/c4/c4_pop.hpp
-- Up-to-date: $VALIDATION_STORAGE/reviews/r231-18-r1-scratch/install/base/include/c4/c4_push.hpp
-- Up-to-date: $VALIDATION_STORAGE/reviews/r231-18-r1-scratch/install/base/include/c4/char_traits.hpp
-- Up-to-date: $VALIDATION_STORAGE/reviews/r231-18-r1-scratch/install/base/include/c4/common.hpp
-- Up-to-date: $VALIDATION_STORAGE/reviews/r231-18-r1-scratch/install/base/include/c4/compiler.hpp
-- Up-to-date: $VALIDATION_STORAGE/reviews/r231-18-r1-scratch/install/base/include/c4/config.hpp
-- Up-to-date: $VALIDATION_STORAGE/reviews/r231-18-r1-scratch/install/base/include/c4/cpu.hpp
-- Up-to-date: $VALIDATION_STORAGE/reviews/r231-18-r1-scratch/install/base/include/c4/ctor_dtor.hpp
-- Up-to-date: $VALIDATION_STORAGE/reviews/r231-18-r1-scratch/install/base/include/c4/dump.hpp
-- Up-to-date: $VALIDATION_STORAGE/reviews/r231-18-r1-scratch/install/base/include/c4/enum.hpp
-- Up-to-date: $VALIDATION_STORAGE/reviews/r231-18-r1-scratch/install/base/include/c4/error.hpp
-- Up-to-date: $VALIDATION_STORAGE/reviews/r231-18-r1-scratch/install/base/include/c4/export.hpp
-- Up-to-date: $VALIDATION_STORAGE/reviews/r231-18-r1-scratch/install/base/include/c4/format.hpp
-- Up-to-date: $VALIDATION_STORAGE/reviews/r231-18-r1-scratch/install/base/include/c4/gcc-4.8.hpp
-- Up-to-date: $VALIDATION_STORAGE/reviews/r231-18-r1-scratch/install/base/include/c4/hash.hpp
-- Up-to-date: $VALIDATION_STORAGE/reviews/r231-18-r1-scratch/install/base/include/c4/language.hpp
-- Up-to-date: $VALIDATION_STORAGE/reviews/r231-18-r1-scratch/install/base/include/c4/memory_resource.hpp
-- Up-to-date: $VALIDATION_STORAGE/reviews/r231-18-r1-scratch/install/base/include/c4/memory_util.hpp
-- Up-to-date: $VALIDATION_STORAGE/reviews/r231-18-r1-scratch/install/base/include/c4/platform.hpp
-- Up-to-date: $VALIDATION_STORAGE/reviews/r231-18-r1-scratch/install/base/include/c4/preprocessor.hpp
-- Up-to-date: $VALIDATION_STORAGE/reviews/r231-18-r1-scratch/install/base/include/c4/restrict.hpp
-- Up-to-date: $VALIDATION_STORAGE/reviews/r231-18-r1-scratch/install/base/include/c4/span.hpp
-- Up-to-date: $VALIDATION_STORAGE/reviews/r231-18-r1-scratch/install/base/include/c4/std/std.hpp
-- Up-to-date: $VALIDATION_STORAGE/reviews/r231-18-r1-scratch/install/base/include/c4/std/std_fwd.hpp
-- Up-to-date: $VALIDATION_STORAGE/reviews/r231-18-r1-scratch/install/base/include/c4/std/string.hpp
-- Up-to-date: $VALIDATION_STORAGE/reviews/r231-18-r1-scratch/install/base/include/c4/std/string_fwd.hpp
-- Up-to-date: $VALIDATION_STORAGE/reviews/r231-18-r1-scratch/install/base/include/c4/std/string_view.hpp
-- Up-to-date: $VALIDATION_STORAGE/reviews/r231-18-r1-scratch/install/base/include/c4/std/tuple.hpp
-- Up-to-date: $VALIDATION_STORAGE/reviews/r231-18-r1-scratch/install/base/include/c4/std/vector.hpp
-- Up-to-date: $VALIDATION_STORAGE/reviews/r231-18-r1-scratch/install/base/include/c4/std/vector_fwd.hpp
-- Up-to-date: $VALIDATION_STORAGE/reviews/r231-18-r1-scratch/install/base/include/c4/substr.hpp
-- Up-to-date: $VALIDATION_STORAGE/reviews/r231-18-r1-scratch/install/base/include/c4/substr_fwd.hpp
-- Up-to-date: $VALIDATION_STORAGE/reviews/r231-18-r1-scratch/install/base/include/c4/szconv.hpp
-- Up-to-date: $VALIDATION_STORAGE/reviews/r231-18-r1-scratch/install/base/include/c4/type_name.hpp
-- Up-to-date: $VALIDATION_STORAGE/reviews/r231-18-r1-scratch/install/base/include/c4/types.hpp
-- Up-to-date: $VALIDATION_STORAGE/reviews/r231-18-r1-scratch/install/base/include/c4/unrestrict.hpp
-- Up-to-date: $VALIDATION_STORAGE/reviews/r231-18-r1-scratch/install/base/include/c4/utf.hpp
-- Up-to-date: $VALIDATION_STORAGE/reviews/r231-18-r1-scratch/install/base/include/c4/windows.hpp
-- Up-to-date: $VALIDATION_STORAGE/reviews/r231-18-r1-scratch/install/base/include/c4/version.hpp
-- Up-to-date: $VALIDATION_STORAGE/reviews/r231-18-r1-scratch/install/base/include/c4/windows_pop.hpp
-- Up-to-date: $VALIDATION_STORAGE/reviews/r231-18-r1-scratch/install/base/include/c4/windows_push.hpp
-- Up-to-date: $VALIDATION_STORAGE/reviews/r231-18-r1-scratch/install/base/include/c4/ext/debugbreak/debugbreak.h
-- Up-to-date: $VALIDATION_STORAGE/reviews/r231-18-r1-scratch/install/base/include/c4/ext/rng/rng.hpp
-- Up-to-date: $VALIDATION_STORAGE/reviews/r231-18-r1-scratch/install/base/include/c4/ext/sg14/inplace_function.h
-- Up-to-date: $VALIDATION_STORAGE/reviews/r231-18-r1-scratch/install/base/include/c4/ext/fast_float.hpp
-- Up-to-date: $VALIDATION_STORAGE/reviews/r231-18-r1-scratch/install/base/include/c4/ext/fast_float_all.h
-- Up-to-date: $VALIDATION_STORAGE/reviews/r231-18-r1-scratch/install/base/include/c4/c4core.natvis
-- Installing: $VALIDATION_STORAGE/reviews/r231-18-r1-scratch/install/base/lib/cmake/c4core/c4coreTargets.cmake
-- Installing: $VALIDATION_STORAGE/reviews/r231-18-r1-scratch/install/base/lib/cmake/c4core/c4coreTargets-noconfig.cmake
-- Installing: $VALIDATION_STORAGE/reviews/r231-18-r1-scratch/install/base/lib/cmake/c4core/c4coreConfig.cmake
-- Installing: $VALIDATION_STORAGE/reviews/r231-18-r1-scratch/install/base/lib/cmake/c4core/c4coreConfigVersion.cmake
-- Installing: $VALIDATION_STORAGE/reviews/r231-18-r1-scratch/install/base/lib/libprotocol_parser.so.0.1.0
-- Installing: $VALIDATION_STORAGE/reviews/r231-18-r1-scratch/install/base/lib/libprotocol_parser.so.0
-- Set non-toolchain portion of runtime path of "$VALIDATION_STORAGE/reviews/r231-18-r1-scratch/install/base/lib/libprotocol_parser.so.0.1.0" to "$ORIGIN:$ORIGIN/../lib"
-- Installing: $VALIDATION_STORAGE/reviews/r231-18-r1-scratch/install/base/lib/libprotocol_parser.so
-- Installing: $VALIDATION_STORAGE/reviews/r231-18-r1-scratch/install/base/include/tsn
-- Installing: $VALIDATION_STORAGE/reviews/r231-18-r1-scratch/install/base/include/tsn/protocol.h
-- Installing: $VALIDATION_STORAGE/reviews/r231-18-r1-scratch/install/base/include/tsn/logic_registry.h
-- Installing: $VALIDATION_STORAGE/reviews/r231-18-r1-scratch/install/base/include/tsn/log.h
-- Installing: $VALIDATION_STORAGE/reviews/r231-18-r1-scratch/install/base/include/tsn/entity.h
-- Installing: $VALIDATION_STORAGE/reviews/r231-18-r1-scratch/install/base/include/tsn/version.h
-- Installing: $VALIDATION_STORAGE/reviews/r231-18-r1-scratch/install/base/include/tsn/protocol_interface.h
-- Installing: $VALIDATION_STORAGE/reviews/r231-18-r1-scratch/install/base/include/tsn/utils.h
-- Installing: $VALIDATION_STORAGE/reviews/r231-18-r1-scratch/install/base/include/tsn/service.h
-- Installing: $VALIDATION_STORAGE/reviews/r231-18-r1-scratch/install/base/include/tsn/layer_context.h
-- Installing: $VALIDATION_STORAGE/reviews/r231-18-r1-scratch/install/base/include/tsn/database.h
-- Installing: $VALIDATION_STORAGE/reviews/r231-18-r1-scratch/install/base/include/tsn/error.h
-- Installing: $VALIDATION_STORAGE/reviews/r231-18-r1-scratch/install/base/include/tsn/validator.h
-- Installing: $VALIDATION_STORAGE/reviews/r231-18-r1-scratch/install/base/include/tsn/protocol_parser.h
-- Installing: $VALIDATION_STORAGE/reviews/r231-18-r1-scratch/install/base/include/tsn/var.h
-- Installing: $VALIDATION_STORAGE/reviews/r231-18-r1-scratch/install/base/include/tsn/stack.h
-- Installing: $VALIDATION_STORAGE/reviews/r231-18-r1-scratch/install/base/include/tsn/stack_builder.h
-- Installing: $VALIDATION_STORAGE/reviews/r231-18-r1-scratch/install/base/include/tsn/database.cpp
-- Installing: $VALIDATION_STORAGE/reviews/r231-18-r1-scratch/install/base/include/tsn/logic_module.h
-- Installing: $VALIDATION_STORAGE/reviews/r231-18-r1-scratch/install/base/lib/libprotocol_logic.so.0.1.0
-- Installing: $VALIDATION_STORAGE/reviews/r231-18-r1-scratch/install/base/lib/libprotocol_logic.so.0
-- Set non-toolchain portion of runtime path of "$VALIDATION_STORAGE/reviews/r231-18-r1-scratch/install/base/lib/libprotocol_logic.so.0.1.0" to "$ORIGIN:$ORIGIN/../lib"
-- Installing: $VALIDATION_STORAGE/reviews/r231-18-r1-scratch/install/base/lib/libprotocol_logic.so
-- Up-to-date: $VALIDATION_STORAGE/reviews/r231-18-r1-scratch/install/base/include/tsn
-- Installing: $VALIDATION_STORAGE/reviews/r231-18-r1-scratch/install/base/include/tsn/aecp_aem_logic.h
-- Installing: $VALIDATION_STORAGE/reviews/r231-18-r1-scratch/install/base/include/tsn/avtp_control_logic.h
-- Installing: $VALIDATION_STORAGE/reviews/r231-18-r1-scratch/install/base/include/tsn/ethernet_frame_logic.h
-- Installing: $VALIDATION_STORAGE/reviews/r231-18-r1-scratch/install/base/lib/libtraffic_gen.so.0.1.0
-- Installing: $VALIDATION_STORAGE/reviews/r231-18-r1-scratch/install/base/lib/libtraffic_gen.so.0
-- Set non-toolchain portion of runtime path of "$VALIDATION_STORAGE/reviews/r231-18-r1-scratch/install/base/lib/libtraffic_gen.so.0.1.0" to "$ORIGIN:$ORIGIN/../lib"
-- Installing: $VALIDATION_STORAGE/reviews/r231-18-r1-scratch/install/base/lib/libtraffic_gen.so
-- Installing: $VALIDATION_STORAGE/reviews/r231-18-r1-scratch/install/base/bin/packet_gen
-- Set non-toolchain portion of runtime path of "$VALIDATION_STORAGE/reviews/r231-18-r1-scratch/install/base/bin/packet_gen" to "$ORIGIN:$ORIGIN/../lib"
-- Up-to-date: $VALIDATION_STORAGE/reviews/r231-18-r1-scratch/install/base/include/tsn
-- Installing: $VALIDATION_STORAGE/reviews/r231-18-r1-scratch/install/base/include/tsn/verilator_sender.h
-- Installing: $VALIDATION_STORAGE/reviews/r231-18-r1-scratch/install/base/include/tsn/pcap_sender.h
-- Installing: $VALIDATION_STORAGE/reviews/r231-18-r1-scratch/install/base/include/tsn/packet_builder.h
-- Installing: $VALIDATION_STORAGE/reviews/r231-18-r1-scratch/install/base/include/tsn/axi_stream_beat.h
-- Installing: $VALIDATION_STORAGE/reviews/r231-18-r1-scratch/install/base/include/tsn/pcap_receiver.h
-- Installing: $VALIDATION_STORAGE/reviews/r231-18-r1-scratch/install/base/include/tsn/verilator_receiver.h
-- Installing: $VALIDATION_STORAGE/reviews/r231-18-r1-scratch/install/base/include/tsn/session.h
-- Installing: $VALIDATION_STORAGE/reviews/r231-18-r1-scratch/install/base/include/tsn/receiver.h
-- Installing: $VALIDATION_STORAGE/reviews/r231-18-r1-scratch/install/base/include/tsn/packet_decoder.h
-- Installing: $VALIDATION_STORAGE/reviews/r231-18-r1-scratch/install/base/include/tsn/traffic_generator.h
-- Installing: $VALIDATION_STORAGE/reviews/r231-18-r1-scratch/install/base/include/tsn/raw_socket_receiver.h
-- Installing: $VALIDATION_STORAGE/reviews/r231-18-r1-scratch/install/base/include/tsn/sender.h
-- Installing: $VALIDATION_STORAGE/reviews/r231-18-r1-scratch/install/base/include/tsn/raw_socket_sender.h
-- Installing: $VALIDATION_STORAGE/reviews/r231-18-r1-scratch/install/base/share/man/man1/packet_gen.1
-- Installing: $VALIDATION_STORAGE/reviews/r231-18-r1-scratch/install/base/share/tsn-gen/protocols
-- Installing: $VALIDATION_STORAGE/reviews/r231-18-r1-scratch/install/base/share/tsn-gen/protocols/physical
-- Installing: $VALIDATION_STORAGE/reviews/r231-18-r1-scratch/install/base/share/tsn-gen/protocols/application
-- Installing: $VALIDATION_STORAGE/reviews/r231-18-r1-scratch/install/base/share/tsn-gen/protocols/application/1722_1
-- Installing: $VALIDATION_STORAGE/reviews/r231-18-r1-scratch/install/base/share/tsn-gen/protocols/application/1722_1/adp
-- Installing: $VALIDATION_STORAGE/reviews/r231-18-r1-scratch/install/base/share/tsn-gen/protocols/application/1722_1/adp/1722_1_adp.yaml
-- Installing: $VALIDATION_STORAGE/reviews/r231-18-r1-scratch/install/base/share/tsn-gen/protocols/application/1722_1/aecp
-- Installing: $VALIDATION_STORAGE/reviews/r231-18-r1-scratch/install/base/share/tsn-gen/protocols/application/1722_1/aecp/aecp_aem_read_descriptor.yaml
-- Installing: $VALIDATION_STORAGE/reviews/r231-18-r1-scratch/install/base/share/tsn-gen/protocols/application/1722_1/aecp/aecp_aem_acquire_entity.yaml
-- Installing: $VALIDATION_STORAGE/reviews/r231-18-r1-scratch/install/base/share/tsn-gen/protocols/application/1722_1/aecp/aecp_aem_lock_entity.yaml
-- Installing: $VALIDATION_STORAGE/reviews/r231-18-r1-scratch/install/base/share/tsn-gen/protocols/application/1722_1/aecp/aecp_aem_set_stream_info.yaml
-- Installing: $VALIDATION_STORAGE/reviews/r231-18-r1-scratch/install/base/share/tsn-gen/protocols/application/1722_1/aecp/aecp_aem_descriptor_query.yaml
-- Installing: $VALIDATION_STORAGE/reviews/r231-18-r1-scratch/install/base/share/tsn-gen/protocols/application/1722_1/aecp/aecp_aem_no_payload.yaml
-- Installing: $VALIDATION_STORAGE/reviews/r231-18-r1-scratch/install/base/share/tsn-gen/protocols/application/1722_1/aecp/aecp_aem_start_operation.yaml
-- Installing: $VALIDATION_STORAGE/reviews/r231-18-r1-scratch/install/base/share/tsn-gen/protocols/application/1722_1/aecp/aecp_aem_set_name.yaml
-- Installing: $VALIDATION_STORAGE/reviews/r231-18-r1-scratch/install/base/share/tsn-gen/protocols/application/1722_1/aecp/aecp_aem_set_sampling_rate.yaml
-- Installing: $VALIDATION_STORAGE/reviews/r231-18-r1-scratch/install/base/share/tsn-gen/protocols/application/1722_1/aecp/aecp_aem_get_name.yaml
-- Installing: $VALIDATION_STORAGE/reviews/r231-18-r1-scratch/install/base/share/tsn-gen/protocols/application/1722_1/aecp/aecp_aem_operation_status.yaml
-- Installing: $VALIDATION_STORAGE/reviews/r231-18-r1-scratch/install/base/share/tsn-gen/protocols/application/1722_1/aecp/aecp_aem_set_stream_format.yaml
-- Installing: $VALIDATION_STORAGE/reviews/r231-18-r1-scratch/install/base/share/tsn-gen/protocols/application/1722_1/aecp/aecp_aem_audio_mappings.yaml
-- Installing: $VALIDATION_STORAGE/reviews/r231-18-r1-scratch/install/base/share/tsn-gen/protocols/application/1722_1/aecp/aecp_aem_set_clock_source.yaml
-- Installing: $VALIDATION_STORAGE/reviews/r231-18-r1-scratch/install/base/share/tsn-gen/protocols/application/1722_1/aecp/aecp_aem_get_audio_map.yaml
-- Installing: $VALIDATION_STORAGE/reviews/r231-18-r1-scratch/install/base/share/tsn-gen/protocols/application/1722_1/aecp/aecp_aem_set_configuration.yaml
-- Installing: $VALIDATION_STORAGE/reviews/r231-18-r1-scratch/install/base/share/tsn-gen/protocols/application/1722_1/aecp/aecp_aem_set_control.yaml
-- Installing: $VALIDATION_STORAGE/reviews/r231-18-r1-scratch/install/base/share/tsn-gen/protocols/application/1722_1/aecp/aecp_address_access.yaml
-- Installing: $VALIDATION_STORAGE/reviews/r231-18-r1-scratch/install/base/share/tsn-gen/protocols/application/1722_1/aecp/aecp_aem_abort_operation.yaml
-- Installing: $VALIDATION_STORAGE/reviews/r231-18-r1-scratch/install/base/share/tsn-gen/protocols/application/1722_1/aecp/aecp_vendor_unique.yaml
-- Installing: $VALIDATION_STORAGE/reviews/r231-18-r1-scratch/install/base/share/tsn-gen/protocols/data_link
-- Installing: $VALIDATION_STORAGE/reviews/r231-18-r1-scratch/install/base/share/tsn-gen/protocols/data_link/ethernet
-- Installing: $VALIDATION_STORAGE/reviews/r231-18-r1-scratch/install/base/share/tsn-gen/protocols/data_link/ethernet/mac_frame.yaml
-- Installing: $VALIDATION_STORAGE/reviews/r231-18-r1-scratch/install/base/share/tsn-gen/protocols/data_link/1722
-- Installing: $VALIDATION_STORAGE/reviews/r231-18-r1-scratch/install/base/share/tsn-gen/protocols/data_link/1722/1722_avtp_common_stream.yaml
-- Installing: $VALIDATION_STORAGE/reviews/r231-18-r1-scratch/install/base/share/tsn-gen/protocols/data_link/1722/1722_avtp_control.yaml
-- Installing: $VALIDATION_STORAGE/reviews/r231-18-r1-scratch/install/base/share/tsn-gen/protocols/data_link/ptp
-- Installing: $VALIDATION_STORAGE/reviews/r231-18-r1-scratch/install/base/share/tsn-gen/protocols/data_link/ptp/8021as_pdelay_resp_follow_up.yaml
-- Installing: $VALIDATION_STORAGE/reviews/r231-18-r1-scratch/install/base/share/tsn-gen/protocols/data_link/ptp/8021as_eth_header.yaml
-- Installing: $VALIDATION_STORAGE/reviews/r231-18-r1-scratch/install/base/share/tsn-gen/protocols/data_link/ptp/8021as_announce.yaml
-- Installing: $VALIDATION_STORAGE/reviews/r231-18-r1-scratch/install/base/share/tsn-gen/protocols/data_link/ptp/8021as_follow_up.yaml
-- Installing: $VALIDATION_STORAGE/reviews/r231-18-r1-scratch/install/base/share/tsn-gen/protocols/data_link/ptp/8021as_sync.yaml
-- Installing: $VALIDATION_STORAGE/reviews/r231-18-r1-scratch/install/base/share/tsn-gen/protocols/data_link/ptp/8021as_pdelay_req.yaml
-- Installing: $VALIDATION_STORAGE/reviews/r231-18-r1-scratch/install/base/share/tsn-gen/protocols/data_link/ptp/8021as_pdelay_resp.yaml
-- Installing: $VALIDATION_STORAGE/reviews/r231-18-r1-scratch/install/base/share/tsn-gen/stacks
-- Installing: $VALIDATION_STORAGE/reviews/r231-18-r1-scratch/install/base/share/tsn-gen/stacks/aecp_acquire_entity.yaml
-- Installing: $VALIDATION_STORAGE/reviews/r231-18-r1-scratch/install/base/share/tsn-gen/schema
-- Installing: $VALIDATION_STORAGE/reviews/r231-18-r1-scratch/install/base/share/tsn-gen/schema/protocol.schema.json
-- Installing: $VALIDATION_STORAGE/reviews/r231-18-r1-scratch/install/base/share/tsn-gen/schema/stack.schema.json
-- Installing: $VALIDATION_STORAGE/reviews/r231-18-r1-scratch/install/base/lib/cmake/tsn-gen/tsn-genTargets.cmake
-- Installing: $VALIDATION_STORAGE/reviews/r231-18-r1-scratch/install/base/lib/cmake/tsn-gen/tsn-genTargets-noconfig.cmake
-- Installing: $VALIDATION_STORAGE/reviews/r231-18-r1-scratch/install/base/lib/cmake/tsn-gen/tsn-genConfig.cmake
-- Installing: $VALIDATION_STORAGE/reviews/r231-18-r1-scratch/install/base/lib/cmake/tsn-gen/tsn-genConfigVersion.cmake
